-- Logs begin at Thu 2017-11-16 09:25:11 +08, end at Fri 2017-11-17 22:25:08 +08. --
Nov 16 09:25:11 ICEMAN kernel: microcode: microcode updated early to revision 0x1c, date = 2015-02-26
Nov 16 09:25:11 ICEMAN kernel: random: get_random_bytes called from start_kernel+0x42/0x4e1 with crng_init=0
Nov 16 09:25:11 ICEMAN kernel: Linux version 4.13.0-16-generic (buildd@lcy01-02) (gcc version 7.2.0 (Ubuntu 7.2.0-8ubuntu2)) #19-Ubuntu SMP Wed Oct 11 18:35:14 UTC 2017 (Ubuntu 4.13.0-16.19-generic 4.13.4)
Nov 16 09:25:11 ICEMAN kernel: Command line: BOOT_IMAGE=/boot/vmlinuz-4.13.0-16-generic.efi.signed root=UUID=1629c4f0-c8d9-42a1-8161-d3077b6366f6 ro quiet splash nvidia-drm.modeset=1 vt.handoff=7
Nov 16 09:25:11 ICEMAN kernel: KERNEL supported cpus:
Nov 16 09:25:11 ICEMAN kernel:   Intel GenuineIntel
Nov 16 09:25:11 ICEMAN kernel:   AMD AuthenticAMD
Nov 16 09:25:11 ICEMAN kernel:   Centaur CentaurHauls
Nov 16 09:25:11 ICEMAN kernel: x86/fpu: Supporting XSAVE feature 0x001: 'x87 floating point registers'
Nov 16 09:25:11 ICEMAN kernel: x86/fpu: Supporting XSAVE feature 0x002: 'SSE registers'
Nov 16 09:25:11 ICEMAN kernel: x86/fpu: Supporting XSAVE feature 0x004: 'AVX registers'
Nov 16 09:25:11 ICEMAN kernel: x86/fpu: xstate_offset[2]:  576, xstate_sizes[2]:  256
Nov 16 09:25:11 ICEMAN kernel: x86/fpu: Enabled xstate features 0x7, context size is 832 bytes, using 'standard' format.
Nov 16 09:25:11 ICEMAN kernel: e820: BIOS-provided physical RAM map:
Nov 16 09:25:11 ICEMAN kernel: BIOS-e820: [mem 0x0000000000000000-0x0000000000087fff] usable
Nov 16 09:25:11 ICEMAN kernel: BIOS-e820: [mem 0x0000000000088000-0x00000000000bffff] reserved
Nov 16 09:25:11 ICEMAN kernel: BIOS-e820: [mem 0x0000000000100000-0x000000001fffffff] usable
Nov 16 09:25:11 ICEMAN kernel: BIOS-e820: [mem 0x0000000020000000-0x00000000201fffff] reserved
Nov 16 09:25:11 ICEMAN kernel: BIOS-e820: [mem 0x0000000020200000-0x0000000040003fff] usable
Nov 16 09:25:11 ICEMAN kernel: BIOS-e820: [mem 0x0000000040004000-0x0000000040004fff] reserved
Nov 16 09:25:11 ICEMAN kernel: BIOS-e820: [mem 0x0000000040005000-0x0000000094daffff] usable
Nov 16 09:25:11 ICEMAN kernel: BIOS-e820: [mem 0x0000000094db0000-0x00000000961affff] reserved
Nov 16 09:25:11 ICEMAN kernel: BIOS-e820: [mem 0x00000000961b0000-0x00000000976e8fff] usable
Nov 16 09:25:11 ICEMAN kernel: BIOS-e820: [mem 0x00000000976e9000-0x000000009786efff] reserved
Nov 16 09:25:11 ICEMAN kernel: BIOS-e820: [mem 0x000000009786f000-0x000000009a7befff] usable
Nov 16 09:25:11 ICEMAN kernel: BIOS-e820: [mem 0x000000009a7bf000-0x000000009a920fff] type 20
Nov 16 09:25:11 ICEMAN kernel: BIOS-e820: [mem 0x000000009a921000-0x000000009a937fff] reserved
Nov 16 09:25:11 ICEMAN kernel: BIOS-e820: [mem 0x000000009a938000-0x000000009a9befff] type 20
Nov 16 09:25:11 ICEMAN kernel: BIOS-e820: [mem 0x000000009a9bf000-0x000000009aebefff] reserved
Nov 16 09:25:11 ICEMAN kernel: BIOS-e820: [mem 0x000000009aebf000-0x000000009afbefff] ACPI NVS
Nov 16 09:25:11 ICEMAN kernel: BIOS-e820: [mem 0x000000009afbf000-0x000000009affefff] ACPI data
Nov 16 09:25:11 ICEMAN kernel: BIOS-e820: [mem 0x000000009afff000-0x000000009affffff] usable
Nov 16 09:25:11 ICEMAN kernel: BIOS-e820: [mem 0x000000009b000000-0x000000009f9fffff] reserved
Nov 16 09:25:11 ICEMAN kernel: BIOS-e820: [mem 0x00000000e0000000-0x00000000efffffff] reserved
Nov 16 09:25:11 ICEMAN kernel: BIOS-e820: [mem 0x00000000feb00000-0x00000000feb03fff] reserved
Nov 16 09:25:11 ICEMAN kernel: BIOS-e820: [mem 0x00000000fec00000-0x00000000fec00fff] reserved
Nov 16 09:25:11 ICEMAN kernel: BIOS-e820: [mem 0x00000000fed10000-0x00000000fed19fff] reserved
Nov 16 09:25:11 ICEMAN kernel: BIOS-e820: [mem 0x00000000fed1c000-0x00000000fed1ffff] reserved
Nov 16 09:25:11 ICEMAN kernel: BIOS-e820: [mem 0x00000000fee00000-0x00000000fee00fff] reserved
Nov 16 09:25:11 ICEMAN kernel: BIOS-e820: [mem 0x00000000ffb00000-0x00000000ffffffff] reserved
Nov 16 09:25:11 ICEMAN kernel: BIOS-e820: [mem 0x0000000100000000-0x000000025f5fffff] usable
Nov 16 09:25:11 ICEMAN kernel: NX (Execute Disable) protection: active
Nov 16 09:25:11 ICEMAN kernel: efi: EFI v2.31 by INSYDE Corp.
Nov 16 09:25:11 ICEMAN kernel: efi:  ACPI=0x9affe000  ACPI 2.0=0x9affe014  SMBIOS=0x9aebef98 
Nov 16 09:25:11 ICEMAN kernel: random: fast init done
Nov 16 09:25:11 ICEMAN kernel: SMBIOS 2.7 present.
Nov 16 09:25:11 ICEMAN kernel: DMI: Dell Inc. XPS L421X/08HDPJ, BIOS A16 12/17/2013
Nov 16 09:25:11 ICEMAN kernel: tsc: Fast TSC calibration using PIT
Nov 16 09:25:11 ICEMAN kernel: e820: update [mem 0x00000000-0x00000fff] usable ==> reserved
Nov 16 09:25:11 ICEMAN kernel: e820: remove [mem 0x000a0000-0x000fffff] usable
Nov 16 09:25:11 ICEMAN kernel: e820: last_pfn = 0x25f600 max_arch_pfn = 0x400000000
Nov 16 09:25:11 ICEMAN kernel: MTRR default type: uncachable
Nov 16 09:25:11 ICEMAN kernel: MTRR fixed ranges enabled:
Nov 16 09:25:11 ICEMAN kernel:   00000-9FFFF write-back
Nov 16 09:25:11 ICEMAN kernel:   A0000-BFFFF uncachable
Nov 16 09:25:11 ICEMAN kernel:   C0000-E7FFF write-protect
Nov 16 09:25:11 ICEMAN kernel:   E8000-EFFFF write-combining
Nov 16 09:25:11 ICEMAN kernel:   F0000-FFFFF write-protect
Nov 16 09:25:11 ICEMAN kernel: MTRR variable ranges enabled:
Nov 16 09:25:11 ICEMAN kernel:   0 base 000000000 mask F80000000 write-back
Nov 16 09:25:11 ICEMAN kernel:   1 base 080000000 mask FE0000000 write-back
Nov 16 09:25:11 ICEMAN kernel:   2 base 09B000000 mask FFF000000 uncachable
Nov 16 09:25:11 ICEMAN kernel:   3 base 09C000000 mask FFC000000 uncachable
Nov 16 09:25:11 ICEMAN kernel:   4 base 0FF800000 mask FFF800000 write-protect
Nov 16 09:25:11 ICEMAN kernel:   5 base 100000000 mask F00000000 write-back
Nov 16 09:25:11 ICEMAN kernel:   6 base 200000000 mask F80000000 write-back
Nov 16 09:25:11 ICEMAN kernel:   7 base 25F600000 mask FFFE00000 uncachable
Nov 16 09:25:11 ICEMAN kernel:   8 base 25F800000 mask FFF800000 uncachable
Nov 16 09:25:11 ICEMAN kernel:   9 base 260000000 mask FE0000000 uncachable
Nov 16 09:25:11 ICEMAN kernel: x86/PAT: Configuration [0-7]: WB  WC  UC- UC  WB  WC  UC- WT  
Nov 16 09:25:11 ICEMAN kernel: e820: last_pfn = 0x9b000 max_arch_pfn = 0x400000000
Nov 16 09:25:11 ICEMAN kernel: Scanning 1 areas for low memory corruption
Nov 16 09:25:11 ICEMAN kernel: Base memory trampoline at [ffff8ef04007e000] 7e000 size 24576
Nov 16 09:25:11 ICEMAN kernel: BRK [0x101b23000, 0x101b23fff] PGTABLE
Nov 16 09:25:11 ICEMAN kernel: BRK [0x101b24000, 0x101b24fff] PGTABLE
Nov 16 09:25:11 ICEMAN kernel: BRK [0x101b25000, 0x101b25fff] PGTABLE
Nov 16 09:25:11 ICEMAN kernel: BRK [0x101b26000, 0x101b26fff] PGTABLE
Nov 16 09:25:11 ICEMAN kernel: BRK [0x101b27000, 0x101b27fff] PGTABLE
Nov 16 09:25:11 ICEMAN kernel: BRK [0x101b28000, 0x101b28fff] PGTABLE
Nov 16 09:25:11 ICEMAN kernel: BRK [0x101b29000, 0x101b29fff] PGTABLE
Nov 16 09:25:11 ICEMAN kernel: BRK [0x101b2a000, 0x101b2afff] PGTABLE
Nov 16 09:25:11 ICEMAN kernel: BRK [0x101b2b000, 0x101b2bfff] PGTABLE
Nov 16 09:25:11 ICEMAN kernel: BRK [0x101b2c000, 0x101b2cfff] PGTABLE
Nov 16 09:25:11 ICEMAN kernel: BRK [0x101b2d000, 0x101b2dfff] PGTABLE
Nov 16 09:25:11 ICEMAN kernel: BRK [0x101b2e000, 0x101b2efff] PGTABLE
Nov 16 09:25:11 ICEMAN kernel: Secure boot could not be determined
Nov 16 09:25:11 ICEMAN kernel: RAMDISK: [mem 0x31f25000-0x34f89fff]
Nov 16 09:25:11 ICEMAN kernel: ACPI: Early table checksum verification disabled
Nov 16 09:25:11 ICEMAN kernel: ACPI: RSDP 0x000000009AFFE014 000024 (v02 DELL  )
Nov 16 09:25:11 ICEMAN kernel: ACPI: XSDT 0x000000009AFFE210 0000BC (v01 DELL   CL09     00000001      01000013)
Nov 16 09:25:11 ICEMAN kernel: ACPI: FACP 0x000000009AFF9000 00010C (v05 DELL   CL09     00000001 ASL  00040000)
Nov 16 09:25:11 ICEMAN kernel: ACPI: DSDT 0x000000009AFEB000 00A0F2 (v01 DELL   CL09     00000000 ASL  00040000)
Nov 16 09:25:11 ICEMAN kernel: ACPI: FACS 0x000000009AFA9000 000040
Nov 16 09:25:11 ICEMAN kernel: ACPI: TCPA 0x000000009AFFD000 000032 (v02 DELL   CL09     00000000 ASL  00040000)
Nov 16 09:25:11 ICEMAN kernel: ACPI: SLIC 0x000000009AFFC000 000176 (v01 DELL   CL09     00000001 ASL  00040000)
Nov 16 09:25:11 ICEMAN kernel: ACPI: UEFI 0x000000009AFFB000 000236 (v01 DELL   CL09     00000001 ASL  00040000)
Nov 16 09:25:11 ICEMAN kernel: ACPI: ASF! 0x000000009AFFA000 0000A5 (v32 DELL   CL09     00000001 ASL  00040000)
Nov 16 09:25:11 ICEMAN kernel: ACPI: HPET 0x000000009AFF8000 000038 (v01 DELL   CL09     00000001 ASL  00040000)
Nov 16 09:25:11 ICEMAN kernel: ACPI: APIC 0x000000009AFF7000 00008C (v03 DELL   CL09     00000001 ASL  00040000)
Nov 16 09:25:11 ICEMAN kernel: ACPI: MCFG 0x000000009AFF6000 00003C (v01 DELL   CL09     00000001 ASL  00040000)
Nov 16 09:25:11 ICEMAN kernel: ACPI: SLIC 0x000000009AFEA000 000176 (v01 DELL   CL09     00000001 ASL  00040000)
Nov 16 09:25:11 ICEMAN kernel: ACPI: SSDT 0x000000009AFE9000 0006FE (v01 COMPAL CRV ORB  00001000 ACPI 00040000)
Nov 16 09:25:11 ICEMAN kernel: ACPI: BOOT 0x000000009AFE7000 000028 (v01 DELL   CL09     00000001 ASL  00040000)
Nov 16 09:25:11 ICEMAN kernel: ACPI: ASPT 0x000000009AFE5000 000034 (v07 DELL   CL09     00000001 ASL  00040000)
Nov 16 09:25:11 ICEMAN kernel: ACPI: DBGP 0x000000009AFE4000 000034 (v01 DELL   CL09     00000001 ASL  00040000)
Nov 16 09:25:11 ICEMAN kernel: ACPI: FPDT 0x000000009AFE2000 000044 (v01 DELL   CL09     00000001 ASL  00040000)
Nov 16 09:25:11 ICEMAN kernel: ACPI: SSDT 0x000000009AFE1000 0009AA (v01 COMPAL CRV ORB  00003000 ACPI 00040000)
Nov 16 09:25:11 ICEMAN kernel: ACPI: SSDT 0x000000009AFE0000 000A92 (v01 COMPAL CRV ORB  00003000 ACPI 00040000)
Nov 16 09:25:11 ICEMAN kernel: ACPI: DMAR 0x000000009AFDF000 0000B8 (v01 DELL   CL09     00000001 ASL  00040000)
Nov 16 09:25:11 ICEMAN kernel: ACPI: SSDT 0x000000009AFDB000 0021E4 (v01 COMPAL CRV ORB  00001000 ACPI 00040000)
Nov 16 09:25:11 ICEMAN kernel: ACPI: BGRT 0x000000009AFDE000 000038 (v01 DELL   CL09     00000001 ASL  00040000)
Nov 16 09:25:11 ICEMAN kernel: ACPI: Local APIC address 0xfee00000
Nov 16 09:25:11 ICEMAN kernel: No NUMA configuration found
Nov 16 09:25:11 ICEMAN kernel: Faking a node at [mem 0x0000000000000000-0x000000025f5fffff]
Nov 16 09:25:11 ICEMAN kernel: NODE_DATA(0) allocated [mem 0x25f5ce000-0x25f5f8fff]
Nov 16 09:25:11 ICEMAN kernel: Zone ranges:
Nov 16 09:25:11 ICEMAN kernel:   DMA      [mem 0x0000000000001000-0x0000000000ffffff]
Nov 16 09:25:11 ICEMAN kernel:   DMA32    [mem 0x0000000001000000-0x00000000ffffffff]
Nov 16 09:25:11 ICEMAN kernel:   Normal   [mem 0x0000000100000000-0x000000025f5fffff]
Nov 16 09:25:11 ICEMAN kernel:   Device   empty
Nov 16 09:25:11 ICEMAN kernel: Movable zone start for each node
Nov 16 09:25:11 ICEMAN kernel: Early memory node ranges
Nov 16 09:25:11 ICEMAN kernel:   node   0: [mem 0x0000000000001000-0x0000000000087fff]
Nov 16 09:25:11 ICEMAN kernel:   node   0: [mem 0x0000000000100000-0x000000001fffffff]
Nov 16 09:25:11 ICEMAN kernel:   node   0: [mem 0x0000000020200000-0x0000000040003fff]
Nov 16 09:25:11 ICEMAN kernel:   node   0: [mem 0x0000000040005000-0x0000000094daffff]
Nov 16 09:25:11 ICEMAN kernel:   node   0: [mem 0x00000000961b0000-0x00000000976e8fff]
Nov 16 09:25:11 ICEMAN kernel:   node   0: [mem 0x000000009786f000-0x000000009a7befff]
Nov 16 09:25:11 ICEMAN kernel:   node   0: [mem 0x000000009afff000-0x000000009affffff]
Nov 16 09:25:11 ICEMAN kernel:   node   0: [mem 0x0000000100000000-0x000000025f5fffff]
Nov 16 09:25:11 ICEMAN kernel: Initmem setup node 0 [mem 0x0000000000001000-0x000000025f5fffff]
Nov 16 09:25:11 ICEMAN kernel: On node 0 totalpages: 2065856
Nov 16 09:25:11 ICEMAN kernel:   DMA zone: 64 pages used for memmap
Nov 16 09:25:11 ICEMAN kernel:   DMA zone: 23 pages reserved
Nov 16 09:25:11 ICEMAN kernel:   DMA zone: 3975 pages, LIFO batch:0
Nov 16 09:25:11 ICEMAN kernel:   DMA32 zone: 9729 pages used for memmap
Nov 16 09:25:11 ICEMAN kernel:   DMA32 zone: 622649 pages, LIFO batch:31
Nov 16 09:25:11 ICEMAN kernel:   Normal zone: 22488 pages used for memmap
Nov 16 09:25:11 ICEMAN kernel:   Normal zone: 1439232 pages, LIFO batch:31
Nov 16 09:25:11 ICEMAN kernel: Reserving Intel graphics memory at 0x000000009ba00000-0x000000009f9fffff
Nov 16 09:25:11 ICEMAN kernel: ACPI: PM-Timer IO Port: 0x408
Nov 16 09:25:11 ICEMAN kernel: ACPI: Local APIC address 0xfee00000
Nov 16 09:25:11 ICEMAN kernel: IOAPIC[0]: apic_id 0, version 32, address 0xfec00000, GSI 0-23
Nov 16 09:25:11 ICEMAN kernel: ACPI: INT_SRC_OVR (bus 0 bus_irq 0 global_irq 2 dfl dfl)
Nov 16 09:25:11 ICEMAN kernel: ACPI: INT_SRC_OVR (bus 0 bus_irq 9 global_irq 9 high level)
Nov 16 09:25:11 ICEMAN kernel: ACPI: IRQ0 used by override.
Nov 16 09:25:11 ICEMAN kernel: ACPI: IRQ9 used by override.
Nov 16 09:25:11 ICEMAN kernel: Using ACPI (MADT) for SMP configuration information
Nov 16 09:25:11 ICEMAN kernel: ACPI: HPET id: 0x8086a201 base: 0xfed00000
Nov 16 09:25:11 ICEMAN kernel: smpboot: Allowing 8 CPUs, 4 hotplug CPUs
Nov 16 09:25:11 ICEMAN kernel: PM: Registered nosave memory: [mem 0x00000000-0x00000fff]
Nov 16 09:25:11 ICEMAN kernel: PM: Registered nosave memory: [mem 0x00088000-0x000bffff]
Nov 16 09:25:11 ICEMAN kernel: PM: Registered nosave memory: [mem 0x000c0000-0x000fffff]
Nov 16 09:25:11 ICEMAN kernel: PM: Registered nosave memory: [mem 0x20000000-0x201fffff]
Nov 16 09:25:11 ICEMAN kernel: PM: Registered nosave memory: [mem 0x40004000-0x40004fff]
Nov 16 09:25:11 ICEMAN kernel: PM: Registered nosave memory: [mem 0x94db0000-0x961affff]
Nov 16 09:25:11 ICEMAN kernel: PM: Registered nosave memory: [mem 0x976e9000-0x9786efff]
Nov 16 09:25:11 ICEMAN kernel: PM: Registered nosave memory: [mem 0x9a7bf000-0x9a920fff]
Nov 16 09:25:11 ICEMAN kernel: PM: Registered nosave memory: [mem 0x9a921000-0x9a937fff]
Nov 16 09:25:11 ICEMAN kernel: PM: Registered nosave memory: [mem 0x9a938000-0x9a9befff]
Nov 16 09:25:11 ICEMAN kernel: PM: Registered nosave memory: [mem 0x9a9bf000-0x9aebefff]
Nov 16 09:25:11 ICEMAN kernel: PM: Registered nosave memory: [mem 0x9aebf000-0x9afbefff]
Nov 16 09:25:11 ICEMAN kernel: PM: Registered nosave memory: [mem 0x9afbf000-0x9affefff]
Nov 16 09:25:11 ICEMAN kernel: PM: Registered nosave memory: [mem 0x9b000000-0x9f9fffff]
Nov 16 09:25:11 ICEMAN kernel: PM: Registered nosave memory: [mem 0x9fa00000-0xdfffffff]
Nov 16 09:25:11 ICEMAN kernel: PM: Registered nosave memory: [mem 0xe0000000-0xefffffff]
Nov 16 09:25:11 ICEMAN kernel: PM: Registered nosave memory: [mem 0xf0000000-0xfeafffff]
Nov 16 09:25:11 ICEMAN kernel: PM: Registered nosave memory: [mem 0xfeb00000-0xfeb03fff]
Nov 16 09:25:11 ICEMAN kernel: PM: Registered nosave memory: [mem 0xfeb04000-0xfebfffff]
Nov 16 09:25:11 ICEMAN kernel: PM: Registered nosave memory: [mem 0xfec00000-0xfec00fff]
Nov 16 09:25:11 ICEMAN kernel: PM: Registered nosave memory: [mem 0xfec01000-0xfed0ffff]
Nov 16 09:25:11 ICEMAN kernel: PM: Registered nosave memory: [mem 0xfed10000-0xfed19fff]
Nov 16 09:25:11 ICEMAN kernel: PM: Registered nosave memory: [mem 0xfed1a000-0xfed1bfff]
Nov 16 09:25:11 ICEMAN kernel: PM: Registered nosave memory: [mem 0xfed1c000-0xfed1ffff]
Nov 16 09:25:11 ICEMAN kernel: PM: Registered nosave memory: [mem 0xfed20000-0xfedfffff]
Nov 16 09:25:11 ICEMAN kernel: PM: Registered nosave memory: [mem 0xfee00000-0xfee00fff]
Nov 16 09:25:11 ICEMAN kernel: PM: Registered nosave memory: [mem 0xfee01000-0xffafffff]
Nov 16 09:25:11 ICEMAN kernel: PM: Registered nosave memory: [mem 0xffb00000-0xffffffff]
Nov 16 09:25:11 ICEMAN kernel: e820: [mem 0x9fa00000-0xdfffffff] available for PCI devices
Nov 16 09:25:11 ICEMAN kernel: Booting paravirtualized kernel on bare hardware
Nov 16 09:25:11 ICEMAN kernel: clocksource: refined-jiffies: mask: 0xffffffff max_cycles: 0xffffffff, max_idle_ns: 7645519600211568 ns
Nov 16 09:25:11 ICEMAN kernel: setup_percpu: NR_CPUS:8192 nr_cpumask_bits:8 nr_cpu_ids:8 nr_node_ids:1
Nov 16 09:25:11 ICEMAN kernel: percpu: Embedded 39 pages/cpu @ffff8ef29f200000 s119704 r8192 d31848 u262144
Nov 16 09:25:11 ICEMAN kernel: pcpu-alloc: s119704 r8192 d31848 u262144 alloc=1*2097152
Nov 16 09:25:11 ICEMAN kernel: pcpu-alloc: [0] 0 1 2 3 4 5 6 7 
Nov 16 09:25:11 ICEMAN kernel: Built 1 zonelists in Node order, mobility grouping on.  Total pages: 2033552
Nov 16 09:25:11 ICEMAN kernel: Policy zone: Normal
Nov 16 09:25:11 ICEMAN kernel: Kernel command line: BOOT_IMAGE=/boot/vmlinuz-4.13.0-16-generic.efi.signed root=UUID=1629c4f0-c8d9-42a1-8161-d3077b6366f6 ro quiet splash nvidia-drm.modeset=1 vt.handoff=7
Nov 16 09:25:11 ICEMAN kernel: PID hash table entries: 4096 (order: 3, 32768 bytes)
Nov 16 09:25:11 ICEMAN kernel: Calgary: detecting Calgary via BIOS EBDA area
Nov 16 09:25:11 ICEMAN kernel: Calgary: Unable to locate Rio Grande table in EBDA - bailing!
Nov 16 09:25:11 ICEMAN kernel: Memory: 7921096K/8263424K available (9281K kernel code, 2477K rwdata, 3992K rodata, 2324K init, 2384K bss, 342328K reserved, 0K cma-reserved)
Nov 16 09:25:11 ICEMAN kernel: SLUB: HWalign=64, Order=0-3, MinObjects=0, CPUs=8, Nodes=1
Nov 16 09:25:11 ICEMAN kernel: ftrace: allocating 37719 entries in 148 pages
Nov 16 09:25:11 ICEMAN kernel: Hierarchical RCU implementation.
Nov 16 09:25:11 ICEMAN kernel:         RCU restricting CPUs from NR_CPUS=8192 to nr_cpu_ids=8.
Nov 16 09:25:11 ICEMAN kernel:         Tasks RCU enabled.
Nov 16 09:25:11 ICEMAN kernel: RCU: Adjusting geometry for rcu_fanout_leaf=16, nr_cpu_ids=8
Nov 16 09:25:11 ICEMAN kernel: NR_IRQS: 524544, nr_irqs: 488, preallocated irqs: 16
Nov 16 09:25:11 ICEMAN kernel: vt handoff: transparent VT on vt#7
Nov 16 09:25:11 ICEMAN kernel: Console: colour dummy device 80x25
Nov 16 09:25:11 ICEMAN kernel: console [tty0] enabled
Nov 16 09:25:11 ICEMAN kernel: clocksource: hpet: mask: 0xffffffff max_cycles: 0xffffffff, max_idle_ns: 133484882848 ns
Nov 16 09:25:11 ICEMAN kernel: hpet clockevent registered
Nov 16 09:25:11 ICEMAN kernel: tsc: Fast TSC calibration using PIT
Nov 16 09:25:11 ICEMAN kernel: tsc: Detected 2394.486 MHz processor
Nov 16 09:25:11 ICEMAN kernel: Calibrating delay loop (skipped), value calculated using timer frequency.. 4788.97 BogoMIPS (lpj=9577944)
Nov 16 09:25:11 ICEMAN kernel: pid_max: default: 32768 minimum: 301
Nov 16 09:25:11 ICEMAN kernel: ACPI: Core revision 20170531
Nov 16 09:25:11 ICEMAN kernel: ACPI: 5 ACPI AML tables successfully acquired and loaded
Nov 16 09:25:11 ICEMAN kernel: Security Framework initialized
Nov 16 09:25:11 ICEMAN kernel: Yama: becoming mindful.
Nov 16 09:25:11 ICEMAN kernel: AppArmor: AppArmor initialized
Nov 16 09:25:11 ICEMAN kernel: Dentry cache hash table entries: 1048576 (order: 11, 8388608 bytes)
Nov 16 09:25:11 ICEMAN kernel: Inode-cache hash table entries: 524288 (order: 10, 4194304 bytes)
Nov 16 09:25:11 ICEMAN kernel: Mount-cache hash table entries: 16384 (order: 5, 131072 bytes)
Nov 16 09:25:11 ICEMAN kernel: Mountpoint-cache hash table entries: 16384 (order: 5, 131072 bytes)
Nov 16 09:25:11 ICEMAN kernel: CPU: Physical Processor ID: 0
Nov 16 09:25:11 ICEMAN kernel: CPU: Processor Core ID: 0
Nov 16 09:25:11 ICEMAN kernel: ENERGY_PERF_BIAS: Set to 'normal', was 'performance'
Nov 16 09:25:11 ICEMAN kernel: ENERGY_PERF_BIAS: View and update with x86_energy_perf_policy(8)
Nov 16 09:25:11 ICEMAN kernel: mce: CPU supports 7 MCE banks
Nov 16 09:25:11 ICEMAN kernel: CPU0: Thermal monitoring enabled (TM1)
Nov 16 09:25:11 ICEMAN kernel: process: using mwait in idle threads
Nov 16 09:25:11 ICEMAN kernel: Last level iTLB entries: 4KB 512, 2MB 8, 4MB 8
Nov 16 09:25:11 ICEMAN kernel: Last level dTLB entries: 4KB 512, 2MB 32, 4MB 32, 1GB 0
Nov 16 09:25:11 ICEMAN kernel: Freeing SMP alternatives memory: 36K
Nov 16 09:25:11 ICEMAN kernel: smpboot: Max logical packages: 4
Nov 16 09:25:11 ICEMAN kernel: DMAR: Host address width 36
Nov 16 09:25:11 ICEMAN kernel: DMAR: DRHD base: 0x000000fed90000 flags: 0x0
Nov 16 09:25:11 ICEMAN kernel: DMAR: dmar0: reg_base_addr fed90000 ver 1:0 cap c0000020e60262 ecap f0101a
Nov 16 09:25:11 ICEMAN kernel: DMAR: DRHD base: 0x000000fed91000 flags: 0x1
Nov 16 09:25:11 ICEMAN kernel: DMAR: dmar1: reg_base_addr fed91000 ver 1:0 cap c9008020660262 ecap f0105a
Nov 16 09:25:11 ICEMAN kernel: DMAR: RMRR base: 0x0000009ae8c000 end: 0x0000009aeabfff
Nov 16 09:25:11 ICEMAN kernel: DMAR: RMRR base: 0x0000009b800000 end: 0x0000009f9fffff
Nov 16 09:25:11 ICEMAN kernel: DMAR-IR: IOAPIC id 0 under DRHD base  0xfed91000 IOMMU 1
Nov 16 09:25:11 ICEMAN kernel: DMAR-IR: HPET id 0 under DRHD base 0xfed91000
Nov 16 09:25:11 ICEMAN kernel: DMAR-IR: Queued invalidation will be enabled to support x2apic and Intr-remapping.
Nov 16 09:25:11 ICEMAN kernel: DMAR-IR: Enabled IRQ remapping in x2apic mode
Nov 16 09:25:11 ICEMAN kernel: x2apic enabled
Nov 16 09:25:11 ICEMAN kernel: Switched APIC routing to cluster x2apic.
Nov 16 09:25:11 ICEMAN kernel: ..TIMER: vector=0x30 apic1=0 pin1=2 apic2=-1 pin2=-1
Nov 16 09:25:11 ICEMAN kernel: TSC deadline timer enabled
Nov 16 09:25:11 ICEMAN kernel: smpboot: CPU0: Intel(R) Core(TM) i7-3517U CPU @ 1.90GHz (family: 0x6, model: 0x3a, stepping: 0x9)
Nov 16 09:25:11 ICEMAN kernel: Performance Events: PEBS fmt1+, IvyBridge events, 16-deep LBR, full-width counters, Intel PMU driver.
Nov 16 09:25:11 ICEMAN kernel: ... version:                3
Nov 16 09:25:11 ICEMAN kernel: ... bit width:              48
Nov 16 09:25:11 ICEMAN kernel: ... generic registers:      4
Nov 16 09:25:11 ICEMAN kernel: ... value mask:             0000ffffffffffff
Nov 16 09:25:11 ICEMAN kernel: ... max period:             00007fffffffffff
Nov 16 09:25:11 ICEMAN kernel: ... fixed-purpose events:   3
Nov 16 09:25:11 ICEMAN kernel: ... event mask:             000000070000000f
Nov 16 09:25:11 ICEMAN kernel: Hierarchical SRCU implementation.
Nov 16 09:25:11 ICEMAN kernel: NMI watchdog: enabled on all CPUs, permanently consumes one hw-PMU counter.
Nov 16 09:25:11 ICEMAN kernel: smp: Bringing up secondary CPUs ...
Nov 16 09:25:11 ICEMAN kernel: x86: Booting SMP configuration:
Nov 16 09:25:11 ICEMAN kernel: .... node  #0, CPUs:      #1 #2 #3
Nov 16 09:25:11 ICEMAN kernel: smp: Brought up 1 node, 4 CPUs
Nov 16 09:25:11 ICEMAN kernel: smpboot: Total of 4 processors activated (19155.88 BogoMIPS)
Nov 16 09:25:11 ICEMAN kernel: devtmpfs: initialized
Nov 16 09:25:11 ICEMAN kernel: x86/mm: Memory block size: 128MB
Nov 16 09:25:11 ICEMAN kernel: evm: security.selinux
Nov 16 09:25:11 ICEMAN kernel: evm: security.SMACK64
Nov 16 09:25:11 ICEMAN kernel: evm: security.SMACK64EXEC
Nov 16 09:25:11 ICEMAN kernel: evm: security.SMACK64TRANSMUTE
Nov 16 09:25:11 ICEMAN kernel: evm: security.SMACK64MMAP
Nov 16 09:25:11 ICEMAN kernel: evm: security.ima
Nov 16 09:25:11 ICEMAN kernel: evm: security.capability
Nov 16 09:25:11 ICEMAN kernel: PM: Registering ACPI NVS region [mem 0x9aebf000-0x9afbefff] (1048576 bytes)
Nov 16 09:25:11 ICEMAN kernel: clocksource: jiffies: mask: 0xffffffff max_cycles: 0xffffffff, max_idle_ns: 7645041785100000 ns
Nov 16 09:25:11 ICEMAN kernel: futex hash table entries: 2048 (order: 5, 131072 bytes)
Nov 16 09:25:11 ICEMAN kernel: pinctrl core: initialized pinctrl subsystem
Nov 16 09:25:11 ICEMAN kernel: RTC time:  1:25:06, date: 11/16/17
Nov 16 09:25:11 ICEMAN kernel: NET: Registered protocol family 16
Nov 16 09:25:11 ICEMAN kernel: cpuidle: using governor ladder
Nov 16 09:25:11 ICEMAN kernel: cpuidle: using governor menu
Nov 16 09:25:11 ICEMAN kernel: PCCT header not found.
Nov 16 09:25:11 ICEMAN kernel: Simple Boot Flag at 0x44 set to 0x1
Nov 16 09:25:11 ICEMAN kernel: ACPI FADT declares the system doesn't support PCIe ASPM, so disable it
Nov 16 09:25:11 ICEMAN kernel: ACPI: bus type PCI registered
Nov 16 09:25:11 ICEMAN kernel: acpiphp: ACPI Hot Plug PCI Controller Driver version: 0.5
Nov 16 09:25:11 ICEMAN kernel: PCI: MMCONFIG for domain 0000 [bus 00-ff] at [mem 0xe0000000-0xefffffff] (base 0xe0000000)
Nov 16 09:25:11 ICEMAN kernel: PCI: MMCONFIG at [mem 0xe0000000-0xefffffff] reserved in E820
Nov 16 09:25:11 ICEMAN kernel: PCI: Using configuration type 1 for base access
Nov 16 09:25:11 ICEMAN kernel: core: PMU erratum BJ122, BV98, HSD29 worked around, HT is on
Nov 16 09:25:11 ICEMAN kernel: HugeTLB registered 2.00 MiB page size, pre-allocated 0 pages
Nov 16 09:25:11 ICEMAN kernel: ipmi:dmi: Invalid offset: 0
Nov 16 09:25:11 ICEMAN kernel: ACPI: Added _OSI(Module Device)
Nov 16 09:25:11 ICEMAN kernel: ACPI: Added _OSI(Processor Device)
Nov 16 09:25:11 ICEMAN kernel: ACPI: Added _OSI(3.0 _SCP Extensions)
Nov 16 09:25:11 ICEMAN kernel: ACPI: Added _OSI(Processor Aggregator Device)
Nov 16 09:25:11 ICEMAN kernel: ACPI: Executed 2 blocks of module-level executable AML code
Nov 16 09:25:11 ICEMAN kernel: ACPI: Dynamic OEM Table Load:
Nov 16 09:25:11 ICEMAN kernel: ACPI: SSDT 0xFFFF8EF29503E000 00083B (v01 PmRef  Cpu0Cst  00003001 INTL 20130117)
Nov 16 09:25:11 ICEMAN kernel: ACPI: Dynamic OEM Table Load:
Nov 16 09:25:11 ICEMAN kernel: ACPI: SSDT 0xFFFF8EF2950E2800 000303 (v01 PmRef  ApIst    00003000 INTL 20130117)
Nov 16 09:25:11 ICEMAN kernel: ACPI: Dynamic OEM Table Load:
Nov 16 09:25:11 ICEMAN kernel: ACPI: SSDT 0xFFFF8EF295123600 000119 (v01 PmRef  ApCst    00003000 INTL 20130117)
Nov 16 09:25:11 ICEMAN kernel: ACPI: EC: EC started
Nov 16 09:25:11 ICEMAN kernel: ACPI: EC: interrupt blocked
Nov 16 09:25:11 ICEMAN kernel: ACPI: \_SB_.PCI0.LPCB.EC0_: Used as first EC
Nov 16 09:25:11 ICEMAN kernel: ACPI: \_SB_.PCI0.LPCB.EC0_: GPE=0x17, EC_CMD/EC_SC=0x66, EC_DATA=0x62
Nov 16 09:25:11 ICEMAN kernel: ACPI: \_SB_.PCI0.LPCB.EC0_: Used as boot DSDT EC to handle transactions
Nov 16 09:25:11 ICEMAN kernel: ACPI: Interpreter enabled
Nov 16 09:25:11 ICEMAN kernel: ACPI: (supports S0 S3 S4 S5)
Nov 16 09:25:11 ICEMAN kernel: ACPI: Using IOAPIC for interrupt routing
Nov 16 09:25:11 ICEMAN kernel: PCI: Using host bridge windows from ACPI; if necessary, use "pci=nocrs" and report a bug
Nov 16 09:25:11 ICEMAN kernel: ACPI: Enabled 8 GPEs in block 00 to 3F
Nov 16 09:25:11 ICEMAN kernel: ACPI: PCI Root Bridge [PCI0] (domain 0000 [bus 00-fe])
Nov 16 09:25:11 ICEMAN kernel: acpi PNP0A08:00: _OSC: OS supports [ExtendedConfig ASPM ClockPM Segments MSI]
Nov 16 09:25:11 ICEMAN kernel: acpi PNP0A08:00: _OSC failed (AE_ERROR); disabling ASPM
Nov 16 09:25:11 ICEMAN kernel: PCI host bridge to bus 0000:00
Nov 16 09:25:11 ICEMAN kernel: pci_bus 0000:00: root bus resource [io  0x0000-0x0cf7 window]
Nov 16 09:25:11 ICEMAN kernel: pci_bus 0000:00: root bus resource [io  0x0d00-0xffff window]
Nov 16 09:25:11 ICEMAN kernel: pci_bus 0000:00: root bus resource [mem 0x000a0000-0x000bffff window]
Nov 16 09:25:11 ICEMAN kernel: pci_bus 0000:00: root bus resource [mem 0x000c0000-0x000c3fff window]
Nov 16 09:25:11 ICEMAN kernel: pci_bus 0000:00: root bus resource [mem 0x000c4000-0x000c7fff window]
Nov 16 09:25:11 ICEMAN kernel: pci_bus 0000:00: root bus resource [mem 0x000c8000-0x000cbfff window]
Nov 16 09:25:11 ICEMAN kernel: pci_bus 0000:00: root bus resource [mem 0x000cc000-0x000cffff window]
Nov 16 09:25:11 ICEMAN kernel: pci_bus 0000:00: root bus resource [mem 0x000d0000-0x000d3fff window]
Nov 16 09:25:11 ICEMAN kernel: pci_bus 0000:00: root bus resource [mem 0x000d4000-0x000d7fff window]
Nov 16 09:25:11 ICEMAN kernel: pci_bus 0000:00: root bus resource [mem 0x000d8000-0x000dbfff window]
Nov 16 09:25:11 ICEMAN kernel: pci_bus 0000:00: root bus resource [mem 0x000dc000-0x000dffff window]
Nov 16 09:25:11 ICEMAN kernel: pci_bus 0000:00: root bus resource [mem 0x9fa00000-0xfeafffff window]
Nov 16 09:25:11 ICEMAN kernel: pci_bus 0000:00: root bus resource [bus 00-fe]
Nov 16 09:25:11 ICEMAN kernel: pci 0000:00:00.0: [8086:0154] type 00 class 0x060000
Nov 16 09:25:11 ICEMAN kernel: pci 0000:00:01.0: [8086:0151] type 01 class 0x060400
Nov 16 09:25:11 ICEMAN kernel: pci 0000:00:01.0: PME# supported from D0 D3hot D3cold
Nov 16 09:25:11 ICEMAN kernel: pci 0000:00:02.0: [8086:0166] type 00 class 0x030000
Nov 16 09:25:11 ICEMAN kernel: pci 0000:00:02.0: reg 0x10: [mem 0xd1000000-0xd13fffff 64bit]
Nov 16 09:25:11 ICEMAN kernel: pci 0000:00:02.0: reg 0x18: [mem 0xc0000000-0xcfffffff 64bit pref]
Nov 16 09:25:11 ICEMAN kernel: pci 0000:00:02.0: reg 0x20: [io  0x4000-0x403f]
Nov 16 09:25:11 ICEMAN kernel: pci 0000:00:14.0: [8086:1e31] type 00 class 0x0c0330
Nov 16 09:25:11 ICEMAN kernel: pci 0000:00:14.0: reg 0x10: [mem 0xd1700000-0xd170ffff 64bit]
Nov 16 09:25:11 ICEMAN kernel: pci 0000:00:14.0: PME# supported from D3hot D3cold
Nov 16 09:25:11 ICEMAN kernel: pci 0000:00:16.0: [8086:1e3a] type 00 class 0x078000
Nov 16 09:25:11 ICEMAN kernel: pci 0000:00:16.0: reg 0x10: [mem 0xd1714000-0xd171400f 64bit]
Nov 16 09:25:11 ICEMAN kernel: pci 0000:00:16.0: PME# supported from D0 D3hot D3cold
Nov 16 09:25:11 ICEMAN kernel: pci 0000:00:1a.0: [8086:1e2d] type 00 class 0x0c0320
Nov 16 09:25:11 ICEMAN kernel: pci 0000:00:1a.0: reg 0x10: [mem 0xd1719000-0xd17193ff]
Nov 16 09:25:11 ICEMAN kernel: pci 0000:00:1a.0: PME# supported from D0 D3hot D3cold
Nov 16 09:25:11 ICEMAN kernel: pci 0000:00:1b.0: [8086:1e20] type 00 class 0x040300
Nov 16 09:25:11 ICEMAN kernel: pci 0000:00:1b.0: reg 0x10: [mem 0xd1710000-0xd1713fff 64bit]
Nov 16 09:25:11 ICEMAN kernel: pci 0000:00:1b.0: PME# supported from D0 D3hot D3cold
Nov 16 09:25:11 ICEMAN kernel: pci 0000:00:1c.0: [8086:1e10] type 01 class 0x060400
Nov 16 09:25:11 ICEMAN kernel: pci 0000:00:1c.0: PME# supported from D0 D3hot D3cold
Nov 16 09:25:11 ICEMAN kernel: pci 0000:00:1c.2: [8086:1e14] type 01 class 0x060400
Nov 16 09:25:11 ICEMAN kernel: pci 0000:00:1c.2: PME# supported from D0 D3hot D3cold
Nov 16 09:25:11 ICEMAN kernel: pci 0000:00:1c.3: [8086:1e16] type 01 class 0x060400
Nov 16 09:25:11 ICEMAN kernel: pci 0000:00:1c.3: PME# supported from D0 D3hot D3cold
Nov 16 09:25:11 ICEMAN kernel: pci 0000:00:1d.0: [8086:1e26] type 00 class 0x0c0320
Nov 16 09:25:11 ICEMAN kernel: pci 0000:00:1d.0: reg 0x10: [mem 0xd1718000-0xd17183ff]
Nov 16 09:25:11 ICEMAN kernel: pci 0000:00:1d.0: PME# supported from D0 D3hot D3cold
Nov 16 09:25:11 ICEMAN kernel: pci 0000:00:1f.0: [8086:1e57] type 00 class 0x060100
Nov 16 09:25:11 ICEMAN kernel: pci 0000:00:1f.2: [8086:1e03] type 00 class 0x010601
Nov 16 09:25:11 ICEMAN kernel: pci 0000:00:1f.2: reg 0x10: [io  0x4088-0x408f]
Nov 16 09:25:11 ICEMAN kernel: pci 0000:00:1f.2: reg 0x14: [io  0x4094-0x4097]
Nov 16 09:25:11 ICEMAN kernel: pci 0000:00:1f.2: reg 0x18: [io  0x4080-0x4087]
Nov 16 09:25:11 ICEMAN kernel: pci 0000:00:1f.2: reg 0x1c: [io  0x4090-0x4093]
Nov 16 09:25:11 ICEMAN kernel: pci 0000:00:1f.2: reg 0x20: [io  0x4060-0x407f]
Nov 16 09:25:11 ICEMAN kernel: pci 0000:00:1f.2: reg 0x24: [mem 0xd1717000-0xd17177ff]
Nov 16 09:25:11 ICEMAN kernel: pci 0000:00:1f.2: PME# supported from D3hot
Nov 16 09:25:11 ICEMAN kernel: pci 0000:00:1f.3: [8086:1e22] type 00 class 0x0c0500
Nov 16 09:25:11 ICEMAN kernel: pci 0000:00:1f.3: reg 0x10: [mem 0xd1715000-0xd17150ff 64bit]
Nov 16 09:25:11 ICEMAN kernel: pci 0000:00:1f.3: reg 0x20: [io  0x4040-0x405f]
Nov 16 09:25:11 ICEMAN kernel: pci 0000:01:00.0: [10de:1140] type 00 class 0x030200
Nov 16 09:25:11 ICEMAN kernel: pci 0000:01:00.0: reg 0x10: [mem 0xd0000000-0xd0ffffff]
Nov 16 09:25:11 ICEMAN kernel: pci 0000:01:00.0: reg 0x14: [mem 0xa0000000-0xafffffff 64bit pref]
Nov 16 09:25:11 ICEMAN kernel: pci 0000:01:00.0: reg 0x1c: [mem 0xb0000000-0xb1ffffff 64bit pref]
Nov 16 09:25:11 ICEMAN kernel: pci 0000:01:00.0: reg 0x24: [io  0x3000-0x307f]
Nov 16 09:25:11 ICEMAN kernel: pci 0000:01:00.0: reg 0x30: [mem 0xfff80000-0xffffffff pref]
Nov 16 09:25:11 ICEMAN kernel: pci 0000:00:01.0: PCI bridge to [bus 01-06]
Nov 16 09:25:11 ICEMAN kernel: pci 0000:00:01.0:   bridge window [io  0x3000-0x3fff]
Nov 16 09:25:11 ICEMAN kernel: pci 0000:00:01.0:   bridge window [mem 0xd0000000-0xd0ffffff]
Nov 16 09:25:11 ICEMAN kernel: pci 0000:00:01.0:   bridge window [mem 0xa0000000-0xbfffffff 64bit pref]
Nov 16 09:25:11 ICEMAN kernel: pci 0000:07:00.0: [10ec:8168] type 00 class 0x020000
Nov 16 09:25:11 ICEMAN kernel: pci 0000:07:00.0: reg 0x10: [io  0x2000-0x20ff]
Nov 16 09:25:11 ICEMAN kernel: pci 0000:07:00.0: reg 0x18: [mem 0xd1404000-0xd1404fff 64bit pref]
Nov 16 09:25:11 ICEMAN kernel: pci 0000:07:00.0: reg 0x20: [mem 0xd1400000-0xd1403fff 64bit pref]
Nov 16 09:25:11 ICEMAN kernel: pci 0000:07:00.0: supports D1 D2
Nov 16 09:25:11 ICEMAN kernel: pci 0000:07:00.0: PME# supported from D0 D1 D2 D3hot D3cold
Nov 16 09:25:11 ICEMAN kernel: pci 0000:00:1c.0: PCI bridge to [bus 07]
Nov 16 09:25:11 ICEMAN kernel: pci 0000:00:1c.0:   bridge window [io  0x2000-0x2fff]
Nov 16 09:25:11 ICEMAN kernel: pci 0000:00:1c.0:   bridge window [mem 0xd1400000-0xd14fffff 64bit pref]
Nov 16 09:25:11 ICEMAN kernel: pci 0000:08:00.0: [8086:088e] type 00 class 0x028000
Nov 16 09:25:11 ICEMAN kernel: pci 0000:08:00.0: reg 0x10: [mem 0xd1600000-0xd1601fff 64bit]
Nov 16 09:25:11 ICEMAN kernel: pci 0000:08:00.0: PME# supported from D0 D3hot D3cold
Nov 16 09:25:11 ICEMAN kernel: pci 0000:00:1c.2: PCI bridge to [bus 08]
Nov 16 09:25:11 ICEMAN kernel: pci 0000:00:1c.2:   bridge window [mem 0xd1600000-0xd16fffff]
Nov 16 09:25:11 ICEMAN kernel: pci 0000:09:00.0: [10ec:5209] type 00 class 0xff0000
Nov 16 09:25:11 ICEMAN kernel: pci 0000:09:00.0: reg 0x10: [mem 0xd1501000-0xd1501fff]
Nov 16 09:25:11 ICEMAN kernel: pci 0000:09:00.0: supports D1 D2
Nov 16 09:25:11 ICEMAN kernel: pci 0000:09:00.0: PME# supported from D1 D2 D3hot
Nov 16 09:25:11 ICEMAN kernel: pci 0000:09:00.1: [10ec:5209] type 00 class 0x080500
Nov 16 09:25:11 ICEMAN kernel: pci 0000:09:00.1: reg 0x10: [mem 0xd1500000-0xd15000ff]
Nov 16 09:25:11 ICEMAN kernel: pci 0000:09:00.1: supports D1 D2
Nov 16 09:25:11 ICEMAN kernel: pci 0000:09:00.1: PME# supported from D1 D2 D3hot
Nov 16 09:25:11 ICEMAN kernel: pci 0000:00:1c.3: PCI bridge to [bus 09]
Nov 16 09:25:11 ICEMAN kernel: pci 0000:00:1c.3:   bridge window [mem 0xd1500000-0xd15fffff]
Nov 16 09:25:11 ICEMAN kernel: ACPI: PCI Interrupt Link [LNKA] (IRQs 1 3 4 5 6 10 11 12 14 15) *0, disabled.
Nov 16 09:25:11 ICEMAN kernel: ACPI: PCI Interrupt Link [LNKB] (IRQs 1 3 4 5 6 10 11 12 14 15) *0, disabled.
Nov 16 09:25:11 ICEMAN kernel: ACPI: PCI Interrupt Link [LNKC] (IRQs 1 3 4 5 6 10 11 12 14 15) *0, disabled.
Nov 16 09:25:11 ICEMAN kernel: ACPI: PCI Interrupt Link [LNKD] (IRQs 1 3 4 5 6 10 11 12 14 15) *0, disabled.
Nov 16 09:25:11 ICEMAN kernel: ACPI: PCI Interrupt Link [LNKE] (IRQs 1 3 4 5 6 10 11 12 14 15) *0, disabled.
Nov 16 09:25:11 ICEMAN kernel: ACPI: PCI Interrupt Link [LNKF] (IRQs 1 3 4 5 6 10 11 12 14 15) *0, disabled.
Nov 16 09:25:11 ICEMAN kernel: ACPI: PCI Interrupt Link [LNKG] (IRQs 1 3 4 5 6 10 11 12 14 15) *0, disabled.
Nov 16 09:25:11 ICEMAN kernel: ACPI: PCI Interrupt Link [LNKH] (IRQs 1 3 4 5 6 10 11 12 14 15) *0, disabled.
Nov 16 09:25:11 ICEMAN kernel: ACPI: EC: interrupt unblocked
Nov 16 09:25:11 ICEMAN kernel: ACPI: EC: event unblocked
Nov 16 09:25:11 ICEMAN kernel: ACPI: \_SB_.PCI0.LPCB.EC0_: GPE=0x17, EC_CMD/EC_SC=0x66, EC_DATA=0x62
Nov 16 09:25:11 ICEMAN kernel: ACPI: \_SB_.PCI0.LPCB.EC0_: Used as boot DSDT EC to handle transactions and events
Nov 16 09:25:11 ICEMAN kernel: SCSI subsystem initialized
Nov 16 09:25:11 ICEMAN kernel: libata version 3.00 loaded.
Nov 16 09:25:11 ICEMAN kernel: pci 0000:00:02.0: vgaarb: setting as boot VGA device
Nov 16 09:25:11 ICEMAN kernel: pci 0000:00:02.0: vgaarb: VGA device added: decodes=io+mem,owns=io+mem,locks=none
Nov 16 09:25:11 ICEMAN kernel: pci 0000:00:02.0: vgaarb: bridge control possible
Nov 16 09:25:11 ICEMAN kernel: vgaarb: loaded
Nov 16 09:25:11 ICEMAN kernel: ACPI: bus type USB registered
Nov 16 09:25:11 ICEMAN kernel: usbcore: registered new interface driver usbfs
Nov 16 09:25:11 ICEMAN kernel: usbcore: registered new interface driver hub
Nov 16 09:25:11 ICEMAN kernel: usbcore: registered new device driver usb
Nov 16 09:25:11 ICEMAN kernel: EDAC MC: Ver: 3.0.0
Nov 16 09:25:11 ICEMAN kernel: Registered efivars operations
Nov 16 09:25:11 ICEMAN kernel: PCI: Using ACPI for IRQ routing
Nov 16 09:25:11 ICEMAN kernel: PCI: pci_cache_line_size set to 64 bytes
Nov 16 09:25:11 ICEMAN kernel: e820: reserve RAM buffer [mem 0x00088000-0x0008ffff]
Nov 16 09:25:11 ICEMAN kernel: e820: reserve RAM buffer [mem 0x40004000-0x43ffffff]
Nov 16 09:25:11 ICEMAN kernel: e820: reserve RAM buffer [mem 0x94db0000-0x97ffffff]
Nov 16 09:25:11 ICEMAN kernel: e820: reserve RAM buffer [mem 0x976e9000-0x97ffffff]
Nov 16 09:25:11 ICEMAN kernel: e820: reserve RAM buffer [mem 0x9a7bf000-0x9bffffff]
Nov 16 09:25:11 ICEMAN kernel: e820: reserve RAM buffer [mem 0x9b000000-0x9bffffff]
Nov 16 09:25:11 ICEMAN kernel: e820: reserve RAM buffer [mem 0x25f600000-0x25fffffff]
Nov 16 09:25:11 ICEMAN kernel: NetLabel: Initializing
Nov 16 09:25:11 ICEMAN kernel: NetLabel:  domain hash size = 128
Nov 16 09:25:11 ICEMAN kernel: NetLabel:  protocols = UNLABELED CIPSOv4 CALIPSO
Nov 16 09:25:11 ICEMAN kernel: NetLabel:  unlabeled traffic allowed by default
Nov 16 09:25:11 ICEMAN kernel: hpet0: at MMIO 0xfed00000, IRQs 2, 8, 0, 0, 0, 0, 0, 0
Nov 16 09:25:11 ICEMAN kernel: hpet0: 8 comparators, 64-bit 14.318180 MHz counter
Nov 16 09:25:11 ICEMAN kernel: clocksource: Switched to clocksource hpet
Nov 16 09:25:11 ICEMAN kernel: VFS: Disk quotas dquot_6.6.0
Nov 16 09:25:11 ICEMAN kernel: VFS: Dquot-cache hash table entries: 512 (order 0, 4096 bytes)
Nov 16 09:25:11 ICEMAN kernel: AppArmor: AppArmor Filesystem Enabled
Nov 16 09:25:11 ICEMAN kernel: pnp: PnP ACPI init
Nov 16 09:25:11 ICEMAN kernel: system 00:00: [io  0x0680-0x069f] has been reserved
Nov 16 09:25:11 ICEMAN kernel: system 00:00: [io  0x1100-0x110f] has been reserved
Nov 16 09:25:11 ICEMAN kernel: system 00:00: [io  0xffff] has been reserved
Nov 16 09:25:11 ICEMAN kernel: system 00:00: [io  0xffff] has been reserved
Nov 16 09:25:11 ICEMAN kernel: system 00:00: [io  0x0400-0x0453] has been reserved
Nov 16 09:25:11 ICEMAN kernel: system 00:00: [io  0x0458-0x047f] has been reserved
Nov 16 09:25:11 ICEMAN kernel: system 00:00: [io  0x0500-0x057f] has been reserved
Nov 16 09:25:11 ICEMAN kernel: system 00:00: [io  0x164e-0x164f] has been reserved
Nov 16 09:25:11 ICEMAN kernel: system 00:00: [io  0xfd60-0xfd63] has been reserved
Nov 16 09:25:11 ICEMAN kernel: system 00:00: Plug and Play ACPI device, IDs PNP0c02 (active)
Nov 16 09:25:11 ICEMAN kernel: pnp 00:01: Plug and Play ACPI device, IDs PNP0b00 (active)
Nov 16 09:25:11 ICEMAN kernel: system 00:02: [io  0x0454-0x0457] has been reserved
Nov 16 09:25:11 ICEMAN kernel: system 00:02: Plug and Play ACPI device, IDs INT3f0d PNP0c02 (active)
Nov 16 09:25:11 ICEMAN kernel: pnp 00:03: Plug and Play ACPI device, IDs PNP0303 (active)
Nov 16 09:25:11 ICEMAN kernel: pnp 00:04: Plug and Play ACPI device, IDs DLL054d PNP0f13 (active)
Nov 16 09:25:11 ICEMAN kernel: system 00:05: [mem 0xfed1c000-0xfed1ffff] has been reserved
Nov 16 09:25:11 ICEMAN kernel: system 00:05: [mem 0xfed10000-0xfed17fff] has been reserved
Nov 16 09:25:11 ICEMAN kernel: system 00:05: [mem 0xfed18000-0xfed18fff] has been reserved
Nov 16 09:25:11 ICEMAN kernel: system 00:05: [mem 0xfed19000-0xfed19fff] has been reserved
Nov 16 09:25:11 ICEMAN kernel: system 00:05: [mem 0xe0000000-0xefffffff] has been reserved
Nov 16 09:25:11 ICEMAN kernel: system 00:05: [mem 0xfed20000-0xfed3ffff] has been reserved
Nov 16 09:25:11 ICEMAN kernel: system 00:05: [mem 0xfed90000-0xfed93fff] could not be reserved
Nov 16 09:25:11 ICEMAN kernel: system 00:05: [mem 0xff000000-0xff000fff] has been reserved
Nov 16 09:25:11 ICEMAN kernel: system 00:05: [mem 0xff010000-0xffffffff] could not be reserved
Nov 16 09:25:11 ICEMAN kernel: system 00:05: [mem 0xfee00000-0xfeefffff] could not be reserved
Nov 16 09:25:11 ICEMAN kernel: system 00:05: [mem 0x9fa00000-0x9fa00fff] has been reserved
Nov 16 09:25:11 ICEMAN kernel: system 00:05: Plug and Play ACPI device, IDs PNP0c02 (active)
Nov 16 09:25:11 ICEMAN kernel: system 00:06: [mem 0x20000000-0x201fffff] has been reserved
Nov 16 09:25:11 ICEMAN kernel: system 00:06: [mem 0x40004000-0x40004fff] has been reserved
Nov 16 09:25:11 ICEMAN kernel: system 00:06: Plug and Play ACPI device, IDs PNP0c01 (active)
Nov 16 09:25:11 ICEMAN kernel: pnp: PnP ACPI: found 7 devices
Nov 16 09:25:11 ICEMAN kernel: clocksource: acpi_pm: mask: 0xffffff max_cycles: 0xffffff, max_idle_ns: 2085701024 ns
Nov 16 09:25:11 ICEMAN kernel: pci 0000:01:00.0: can't claim BAR 6 [mem 0xfff80000-0xffffffff pref]: no compatible bridge window
Nov 16 09:25:11 ICEMAN kernel: pci 0000:01:00.0: BAR 6: assigned [mem 0xb2000000-0xb207ffff pref]
Nov 16 09:25:11 ICEMAN kernel: pci 0000:00:01.0: PCI bridge to [bus 01-06]
Nov 16 09:25:11 ICEMAN kernel: pci 0000:00:01.0:   bridge window [io  0x3000-0x3fff]
Nov 16 09:25:11 ICEMAN kernel: pci 0000:00:01.0:   bridge window [mem 0xd0000000-0xd0ffffff]
Nov 16 09:25:11 ICEMAN kernel: pci 0000:00:01.0:   bridge window [mem 0xa0000000-0xbfffffff 64bit pref]
Nov 16 09:25:11 ICEMAN kernel: pci 0000:00:1c.0: PCI bridge to [bus 07]
Nov 16 09:25:11 ICEMAN kernel: pci 0000:00:1c.0:   bridge window [io  0x2000-0x2fff]
Nov 16 09:25:11 ICEMAN kernel: pci 0000:00:1c.0:   bridge window [mem 0xd1400000-0xd14fffff 64bit pref]
Nov 16 09:25:11 ICEMAN kernel: pci 0000:00:1c.2: PCI bridge to [bus 08]
Nov 16 09:25:11 ICEMAN kernel: pci 0000:00:1c.2:   bridge window [mem 0xd1600000-0xd16fffff]
Nov 16 09:25:11 ICEMAN kernel: pci 0000:00:1c.3: PCI bridge to [bus 09]
Nov 16 09:25:11 ICEMAN kernel: pci 0000:00:1c.3:   bridge window [mem 0xd1500000-0xd15fffff]
Nov 16 09:25:11 ICEMAN kernel: pci_bus 0000:00: resource 4 [io  0x0000-0x0cf7 window]
Nov 16 09:25:11 ICEMAN kernel: pci_bus 0000:00: resource 5 [io  0x0d00-0xffff window]
Nov 16 09:25:11 ICEMAN kernel: pci_bus 0000:00: resource 6 [mem 0x000a0000-0x000bffff window]
Nov 16 09:25:11 ICEMAN kernel: pci_bus 0000:00: resource 7 [mem 0x000c0000-0x000c3fff window]
Nov 16 09:25:11 ICEMAN kernel: pci_bus 0000:00: resource 8 [mem 0x000c4000-0x000c7fff window]
Nov 16 09:25:11 ICEMAN kernel: pci_bus 0000:00: resource 9 [mem 0x000c8000-0x000cbfff window]
Nov 16 09:25:11 ICEMAN kernel: pci_bus 0000:00: resource 10 [mem 0x000cc000-0x000cffff window]
Nov 16 09:25:11 ICEMAN kernel: pci_bus 0000:00: resource 11 [mem 0x000d0000-0x000d3fff window]
Nov 16 09:25:11 ICEMAN kernel: pci_bus 0000:00: resource 12 [mem 0x000d4000-0x000d7fff window]
Nov 16 09:25:11 ICEMAN kernel: pci_bus 0000:00: resource 13 [mem 0x000d8000-0x000dbfff window]
Nov 16 09:25:11 ICEMAN kernel: pci_bus 0000:00: resource 14 [mem 0x000dc000-0x000dffff window]
Nov 16 09:25:11 ICEMAN kernel: pci_bus 0000:00: resource 15 [mem 0x9fa00000-0xfeafffff window]
Nov 16 09:25:11 ICEMAN kernel: pci_bus 0000:01: resource 0 [io  0x3000-0x3fff]
Nov 16 09:25:11 ICEMAN kernel: pci_bus 0000:01: resource 1 [mem 0xd0000000-0xd0ffffff]
Nov 16 09:25:11 ICEMAN kernel: pci_bus 0000:01: resource 2 [mem 0xa0000000-0xbfffffff 64bit pref]
Nov 16 09:25:11 ICEMAN kernel: pci_bus 0000:07: resource 0 [io  0x2000-0x2fff]
Nov 16 09:25:11 ICEMAN kernel: pci_bus 0000:07: resource 2 [mem 0xd1400000-0xd14fffff 64bit pref]
Nov 16 09:25:11 ICEMAN kernel: pci_bus 0000:08: resource 1 [mem 0xd1600000-0xd16fffff]
Nov 16 09:25:11 ICEMAN kernel: pci_bus 0000:09: resource 1 [mem 0xd1500000-0xd15fffff]
Nov 16 09:25:11 ICEMAN kernel: NET: Registered protocol family 2
Nov 16 09:25:11 ICEMAN kernel: TCP established hash table entries: 65536 (order: 7, 524288 bytes)
Nov 16 09:25:11 ICEMAN kernel: TCP bind hash table entries: 65536 (order: 8, 1048576 bytes)
Nov 16 09:25:11 ICEMAN kernel: TCP: Hash tables configured (established 65536 bind 65536)
Nov 16 09:25:11 ICEMAN kernel: UDP hash table entries: 4096 (order: 5, 131072 bytes)
Nov 16 09:25:11 ICEMAN kernel: UDP-Lite hash table entries: 4096 (order: 5, 131072 bytes)
Nov 16 09:25:11 ICEMAN kernel: NET: Registered protocol family 1
Nov 16 09:25:11 ICEMAN kernel: pci 0000:00:02.0: Video device with shadowed ROM at [mem 0x000c0000-0x000dffff]
Nov 16 09:25:11 ICEMAN kernel: PCI: CLS 64 bytes, default 64
Nov 16 09:25:11 ICEMAN kernel: Unpacking initramfs...
Nov 16 09:25:11 ICEMAN kernel: Freeing initrd memory: 49556K
Nov 16 09:25:11 ICEMAN kernel: PCI-DMA: Using software bounce buffering for IO (SWIOTLB)
Nov 16 09:25:11 ICEMAN kernel: software IO TLB [mem 0x8f1c0000-0x931c0000] (64MB) mapped at [ffff8ef0cf1c0000-ffff8ef0d31bffff]
Nov 16 09:25:11 ICEMAN kernel: Scanning for low memory corruption every 60 seconds
Nov 16 09:25:11 ICEMAN kernel: audit: initializing netlink subsys (disabled)
Nov 16 09:25:11 ICEMAN kernel: audit: type=2000 audit(1510795507.911:1): state=initialized audit_enabled=0 res=1
Nov 16 09:25:11 ICEMAN kernel: Initialise system trusted keyrings
Nov 16 09:25:11 ICEMAN kernel: Key type blacklist registered
Nov 16 09:25:11 ICEMAN kernel: workingset: timestamp_bits=36 max_order=21 bucket_order=0
Nov 16 09:25:11 ICEMAN kernel: zbud: loaded
Nov 16 09:25:11 ICEMAN kernel: squashfs: version 4.0 (2009/01/31) Phillip Lougher
Nov 16 09:25:11 ICEMAN kernel: fuse init (API version 7.26)
Nov 16 09:25:11 ICEMAN kernel: Key type asymmetric registered
Nov 16 09:25:11 ICEMAN kernel: Asymmetric key parser 'x509' registered
Nov 16 09:25:11 ICEMAN kernel: Block layer SCSI generic (bsg) driver version 0.4 loaded (major 247)
Nov 16 09:25:11 ICEMAN kernel: io scheduler noop registered
Nov 16 09:25:11 ICEMAN kernel: io scheduler deadline registered
Nov 16 09:25:11 ICEMAN kernel: io scheduler cfq registered (default)
Nov 16 09:25:11 ICEMAN kernel: efifb: probing for efifb
Nov 16 09:25:11 ICEMAN kernel: efifb: framebuffer at 0xc0000000, using 5632k, total 5632k
Nov 16 09:25:11 ICEMAN kernel: efifb: mode is 1600x900x32, linelength=6400, pages=1
Nov 16 09:25:11 ICEMAN kernel: efifb: scrolling: redraw
Nov 16 09:25:11 ICEMAN kernel: efifb: Truecolor: size=8:8:8:8, shift=24:16:8:0
Nov 16 09:25:11 ICEMAN kernel: Console: switching to colour frame buffer device 200x56
Nov 16 09:25:11 ICEMAN kernel: fb0: EFI VGA frame buffer device
Nov 16 09:25:11 ICEMAN kernel: intel_idle: MWAIT substates: 0x21120
Nov 16 09:25:11 ICEMAN kernel: intel_idle: v0.4.1 model 0x3A
Nov 16 09:25:11 ICEMAN kernel: intel_idle: lapic_timer_reliable_states 0xffffffff
Nov 16 09:25:11 ICEMAN kernel: ACPI: AC Adapter [ACAD] (on-line)
Nov 16 09:25:11 ICEMAN kernel: input: Power Button as /devices/LNXSYSTM:00/LNXSYBUS:00/PNP0A08:00/device:01/PNP0C0C:00/input/input0
Nov 16 09:25:11 ICEMAN kernel: ACPI: Power Button [PWRB]
Nov 16 09:25:11 ICEMAN kernel: input: Lid Switch as /devices/LNXSYSTM:00/LNXSYBUS:00/PNP0C0D:00/input/input1
Nov 16 09:25:11 ICEMAN kernel: ACPI: Lid Switch [LID0]
Nov 16 09:25:11 ICEMAN kernel: input: Power Button as /devices/LNXSYSTM:00/LNXPWRBN:00/input/input2
Nov 16 09:25:11 ICEMAN kernel: ACPI: Power Button [PWRF]
Nov 16 09:25:11 ICEMAN kernel: GHES: HEST is not enabled!
Nov 16 09:25:11 ICEMAN kernel: Serial: 8250/16550 driver, 32 ports, IRQ sharing enabled
Nov 16 09:25:11 ICEMAN kernel: ACPI: Battery Slot [BAT1] (battery present)
Nov 16 09:25:11 ICEMAN kernel: Linux agpgart interface v0.103
Nov 16 09:25:11 ICEMAN kernel: loop: module loaded
Nov 16 09:25:11 ICEMAN kernel: libphy: Fixed MDIO Bus: probed
Nov 16 09:25:11 ICEMAN kernel: tun: Universal TUN/TAP device driver, 1.6
Nov 16 09:25:11 ICEMAN kernel: PPP generic driver version 2.4.2
Nov 16 09:25:11 ICEMAN kernel: ehci_hcd: USB 2.0 'Enhanced' Host Controller (EHCI) Driver
Nov 16 09:25:11 ICEMAN kernel: ehci-pci: EHCI PCI platform driver
Nov 16 09:25:11 ICEMAN kernel: ehci-pci 0000:00:1a.0: EHCI Host Controller
Nov 16 09:25:11 ICEMAN kernel: ehci-pci 0000:00:1a.0: new USB bus registered, assigned bus number 1
Nov 16 09:25:11 ICEMAN kernel: ehci-pci 0000:00:1a.0: debug port 2
Nov 16 09:25:11 ICEMAN kernel: ehci-pci 0000:00:1a.0: cache line size of 64 is not supported
Nov 16 09:25:11 ICEMAN kernel: ehci-pci 0000:00:1a.0: irq 16, io mem 0xd1719000
Nov 16 09:25:11 ICEMAN kernel: ehci-pci 0000:00:1a.0: USB 2.0 started, EHCI 1.00
Nov 16 09:25:11 ICEMAN kernel: usb usb1: New USB device found, idVendor=1d6b, idProduct=0002
Nov 16 09:25:11 ICEMAN kernel: usb usb1: New USB device strings: Mfr=3, Product=2, SerialNumber=1
Nov 16 09:25:11 ICEMAN kernel: usb usb1: Product: EHCI Host Controller
Nov 16 09:25:11 ICEMAN kernel: usb usb1: Manufacturer: Linux 4.13.0-16-generic ehci_hcd
Nov 16 09:25:11 ICEMAN kernel: usb usb1: SerialNumber: 0000:00:1a.0
Nov 16 09:25:11 ICEMAN kernel: hub 1-0:1.0: USB hub found
Nov 16 09:25:11 ICEMAN kernel: hub 1-0:1.0: 2 ports detected
Nov 16 09:25:11 ICEMAN kernel: ehci-pci 0000:00:1d.0: EHCI Host Controller
Nov 16 09:25:11 ICEMAN kernel: ehci-pci 0000:00:1d.0: new USB bus registered, assigned bus number 2
Nov 16 09:25:11 ICEMAN kernel: ehci-pci 0000:00:1d.0: debug port 2
Nov 16 09:25:11 ICEMAN kernel: ehci-pci 0000:00:1d.0: cache line size of 64 is not supported
Nov 16 09:25:11 ICEMAN kernel: ehci-pci 0000:00:1d.0: irq 23, io mem 0xd1718000
Nov 16 09:25:11 ICEMAN kernel: ehci-pci 0000:00:1d.0: USB 2.0 started, EHCI 1.00
Nov 16 09:25:11 ICEMAN kernel: usb usb2: New USB device found, idVendor=1d6b, idProduct=0002
Nov 16 09:25:11 ICEMAN kernel: usb usb2: New USB device strings: Mfr=3, Product=2, SerialNumber=1
Nov 16 09:25:11 ICEMAN kernel: usb usb2: Product: EHCI Host Controller
Nov 16 09:25:11 ICEMAN kernel: usb usb2: Manufacturer: Linux 4.13.0-16-generic ehci_hcd
Nov 16 09:25:11 ICEMAN kernel: usb usb2: SerialNumber: 0000:00:1d.0
Nov 16 09:25:11 ICEMAN kernel: hub 2-0:1.0: USB hub found
Nov 16 09:25:11 ICEMAN kernel: hub 2-0:1.0: 2 ports detected
Nov 16 09:25:11 ICEMAN kernel: ehci-platform: EHCI generic platform driver
Nov 16 09:25:11 ICEMAN kernel: ohci_hcd: USB 1.1 'Open' Host Controller (OHCI) Driver
Nov 16 09:25:11 ICEMAN kernel: ohci-pci: OHCI PCI platform driver
Nov 16 09:25:11 ICEMAN kernel: ohci-platform: OHCI generic platform driver
Nov 16 09:25:11 ICEMAN kernel: uhci_hcd: USB Universal Host Controller Interface driver
Nov 16 09:25:11 ICEMAN kernel: xhci_hcd 0000:00:14.0: xHCI Host Controller
Nov 16 09:25:11 ICEMAN kernel: xhci_hcd 0000:00:14.0: new USB bus registered, assigned bus number 3
Nov 16 09:25:11 ICEMAN kernel: xhci_hcd 0000:00:14.0: hcc params 0x20007181 hci version 0x100 quirks 0x0000b930
Nov 16 09:25:11 ICEMAN kernel: xhci_hcd 0000:00:14.0: cache line size of 64 is not supported
Nov 16 09:25:11 ICEMAN kernel: usb usb3: New USB device found, idVendor=1d6b, idProduct=0002
Nov 16 09:25:11 ICEMAN kernel: usb usb3: New USB device strings: Mfr=3, Product=2, SerialNumber=1
Nov 16 09:25:11 ICEMAN kernel: usb usb3: Product: xHCI Host Controller
Nov 16 09:25:11 ICEMAN kernel: usb usb3: Manufacturer: Linux 4.13.0-16-generic xhci-hcd
Nov 16 09:25:11 ICEMAN kernel: usb usb3: SerialNumber: 0000:00:14.0
Nov 16 09:25:11 ICEMAN kernel: hub 3-0:1.0: USB hub found
Nov 16 09:25:11 ICEMAN kernel: hub 3-0:1.0: 4 ports detected
Nov 16 09:25:11 ICEMAN kernel: xhci_hcd 0000:00:14.0: xHCI Host Controller
Nov 16 09:25:11 ICEMAN kernel: xhci_hcd 0000:00:14.0: new USB bus registered, assigned bus number 4
Nov 16 09:25:11 ICEMAN kernel: usb usb4: New USB device found, idVendor=1d6b, idProduct=0003
Nov 16 09:25:11 ICEMAN kernel: usb usb4: New USB device strings: Mfr=3, Product=2, SerialNumber=1
Nov 16 09:25:11 ICEMAN kernel: usb usb4: Product: xHCI Host Controller
Nov 16 09:25:11 ICEMAN kernel: usb usb4: Manufacturer: Linux 4.13.0-16-generic xhci-hcd
Nov 16 09:25:11 ICEMAN kernel: usb usb4: SerialNumber: 0000:00:14.0
Nov 16 09:25:11 ICEMAN kernel: hub 4-0:1.0: USB hub found
Nov 16 09:25:11 ICEMAN kernel: hub 4-0:1.0: 4 ports detected
Nov 16 09:25:11 ICEMAN kernel: i8042: PNP: PS/2 Controller [PNP0303:PS2K,PNP0f13:PS2M] at 0x60,0x64 irq 1,12
Nov 16 09:25:11 ICEMAN kernel: serio: i8042 KBD port at 0x60,0x64 irq 1
Nov 16 09:25:11 ICEMAN kernel: serio: i8042 AUX port at 0x60,0x64 irq 12
Nov 16 09:25:11 ICEMAN kernel: mousedev: PS/2 mouse device common for all mice
Nov 16 09:25:11 ICEMAN kernel: rtc_cmos 00:01: RTC can wake from S4
Nov 16 09:25:11 ICEMAN kernel: rtc_cmos 00:01: rtc core: registered rtc_cmos as rtc0
Nov 16 09:25:11 ICEMAN kernel: rtc_cmos 00:01: alarms up to one month, 242 bytes nvram, hpet irqs
Nov 16 09:25:11 ICEMAN kernel: i2c /dev entries driver
Nov 16 09:25:11 ICEMAN kernel: device-mapper: uevent: version 1.0.3
Nov 16 09:25:11 ICEMAN kernel: device-mapper: ioctl: 4.36.0-ioctl (2017-06-09) initialised: dm-devel@redhat.com
Nov 16 09:25:11 ICEMAN kernel: intel_pstate: Intel P-state driver initializing
Nov 16 09:25:11 ICEMAN kernel: ledtrig-cpu: registered to indicate activity on CPUs
Nov 16 09:25:11 ICEMAN kernel: EFI Variables Facility v0.08 2004-May-17
Nov 16 09:25:11 ICEMAN kernel: NET: Registered protocol family 10
Nov 16 09:25:11 ICEMAN kernel: input: AT Translated Set 2 keyboard as /devices/platform/i8042/serio0/input/input3
Nov 16 09:25:11 ICEMAN kernel: Segment Routing with IPv6
Nov 16 09:25:11 ICEMAN kernel: NET: Registered protocol family 17
Nov 16 09:25:11 ICEMAN kernel: Key type dns_resolver registered
Nov 16 09:25:11 ICEMAN kernel: RAS: Correctable Errors collector initialized.
Nov 16 09:25:11 ICEMAN kernel: microcode: sig=0x306a9, pf=0x10, revision=0x1c
Nov 16 09:25:11 ICEMAN kernel: microcode: Microcode Update Driver: v2.2.
Nov 16 09:25:11 ICEMAN kernel: sched_clock: Marking stable (2290204664, 0)->(2320932624, -30727960)
Nov 16 09:25:11 ICEMAN kernel: registered taskstats version 1
Nov 16 09:25:11 ICEMAN kernel: Loading compiled-in X.509 certificates
Nov 16 09:25:11 ICEMAN kernel: Loaded X.509 cert 'Build time autogenerated kernel key: 04409fd30ffab3ce9d2178c508b3c866d61d9a62'
Nov 16 09:25:11 ICEMAN kernel: Loaded UEFI:db cert 'Microsoft Corporation UEFI CA 2011: 13adbf4309bd82709c8cd54f316ed522988a1bd4' linked to secondary sys keyring
Nov 16 09:25:11 ICEMAN kernel: Loaded UEFI:db cert 'Microsoft Windows Production PCA 2011: a92902398e16c49778cd90f99e4f9ae17c55af53' linked to secondary sys keyring
Nov 16 09:25:11 ICEMAN kernel: Loaded UEFI:MokListRT cert 'Canonical Ltd. Master Certificate Authority: ad91990bc22ab1f517048c23b6655a268e345a63' linked to secondary sys keyring
Nov 16 09:25:11 ICEMAN kernel: zswap: loaded using pool lzo/zbud
Nov 16 09:25:11 ICEMAN kernel: Key type big_key registered
Nov 16 09:25:11 ICEMAN kernel: Key type trusted registered
Nov 16 09:25:11 ICEMAN kernel: Key type encrypted registered
Nov 16 09:25:11 ICEMAN kernel: AppArmor: AppArmor sha1 policy hashing enabled
Nov 16 09:25:11 ICEMAN kernel: ima: No TPM chip found, activating TPM-bypass! (rc=-19)
Nov 16 09:25:11 ICEMAN kernel: evm: HMAC attrs: 0x1
Nov 16 09:25:11 ICEMAN kernel:   Magic number: 9:709:407
Nov 16 09:25:11 ICEMAN kernel: platform ACPI0003:00: hash matches
Nov 16 09:25:11 ICEMAN kernel: ac ACPI0003:00: hash matches
Nov 16 09:25:11 ICEMAN kernel: rtc_cmos 00:01: setting system clock to 2017-11-16 01:25:09 UTC (1510795509)
Nov 16 09:25:11 ICEMAN kernel: BIOS EDD facility v0.16 2004-Jun-25, 0 devices found
Nov 16 09:25:11 ICEMAN kernel: EDD information not available.
Nov 16 09:25:11 ICEMAN kernel: PM: Hibernation image not present or could not be loaded.
Nov 16 09:25:11 ICEMAN kernel: Freeing unused kernel memory: 2324K
Nov 16 09:25:11 ICEMAN kernel: Write protecting the kernel read-only data: 14336k
Nov 16 09:25:11 ICEMAN kernel: Freeing unused kernel memory: 948K
Nov 16 09:25:11 ICEMAN kernel: Freeing unused kernel memory: 104K
Nov 16 09:25:11 ICEMAN kernel: x86/mm: Checked W+X mappings: passed, no W+X pages found.
Nov 16 09:25:11 ICEMAN kernel: wmi_bus wmi_bus-PNP0C14:00: WQBC data block query control method not found
Nov 16 09:25:11 ICEMAN kernel: sdhci: Secure Digital Host Controller Interface driver
Nov 16 09:25:11 ICEMAN kernel: sdhci: Copyright(c) Pierre Ossman
Nov 16 09:25:11 ICEMAN kernel: sdhci-pci 0000:09:00.1: SDHCI controller found [10ec:5209] (rev 1)
Nov 16 09:25:11 ICEMAN kernel: sdhci-pci 0000:09:00.1: Will use DMA mode even though HW doesn't fully claim to support it.
Nov 16 09:25:11 ICEMAN kernel: sdhci-pci 0000:09:00.1: Will use DMA mode even though HW doesn't fully claim to support it.
Nov 16 09:25:11 ICEMAN kernel: sdhci-pci 0000:09:00.1: Will use DMA mode even though HW doesn't fully claim to support it.
Nov 16 09:25:11 ICEMAN kernel: mmc0: SDHCI controller on PCI [0000:09:00.1] using DMA
Nov 16 09:25:11 ICEMAN kernel: r8169 Gigabit Ethernet driver 2.3LK-NAPI loaded
Nov 16 09:25:11 ICEMAN kernel: r8169 0000:07:00.0: can't disable ASPM; OS doesn't have ASPM control
Nov 16 09:25:11 ICEMAN kernel: r8169 0000:07:00.0 eth0: RTL8168evl/8111evl at 0xffffa317c0cbd000, d4:be:d9:48:03:74, XID 0c900880 IRQ 28
Nov 16 09:25:11 ICEMAN kernel: r8169 0000:07:00.0 eth0: jumbo features [frames: 9200 bytes, tx checksumming: ko]
Nov 16 09:25:11 ICEMAN kernel: ahci 0000:00:1f.2: version 3.0
Nov 16 09:25:11 ICEMAN kernel: ahci 0000:00:1f.2: SSS flag set, parallel bus scan disabled
Nov 16 09:25:11 ICEMAN kernel: ahci 0000:00:1f.2: AHCI 0001.0300 32 slots 6 ports 3 Gbps 0x3 impl SATA mode
Nov 16 09:25:11 ICEMAN kernel: ahci 0000:00:1f.2: flags: 64bit ncq stag pm led clo pio slum part ems apst 
Nov 16 09:25:11 ICEMAN kernel: r8169 0000:07:00.0 enp7s0: renamed from eth0
Nov 16 09:25:11 ICEMAN kernel: scsi host0: ahci
Nov 16 09:25:11 ICEMAN kernel: scsi host1: ahci
Nov 16 09:25:11 ICEMAN kernel: scsi host2: ahci
Nov 16 09:25:11 ICEMAN kernel: scsi host3: ahci
Nov 16 09:25:11 ICEMAN kernel: scsi host4: ahci
Nov 16 09:25:11 ICEMAN kernel: scsi host5: ahci
Nov 16 09:25:11 ICEMAN kernel: ata1: SATA max UDMA/133 abar m2048@0xd1717000 port 0xd1717100 irq 29
Nov 16 09:25:11 ICEMAN kernel: ata2: SATA max UDMA/133 abar m2048@0xd1717000 port 0xd1717180 irq 29
Nov 16 09:25:11 ICEMAN kernel: ata3: DUMMY
Nov 16 09:25:11 ICEMAN kernel: ata4: DUMMY
Nov 16 09:25:11 ICEMAN kernel: ata5: DUMMY
Nov 16 09:25:11 ICEMAN kernel: ata6: DUMMY
Nov 16 09:25:11 ICEMAN kernel: [drm] Memory usable by graphics device = 2048M
Nov 16 09:25:11 ICEMAN kernel: checking generic (c0000000 580000) vs hw (c0000000 10000000)
Nov 16 09:25:11 ICEMAN kernel: fb: switching to inteldrmfb from EFI VGA
Nov 16 09:25:11 ICEMAN kernel: Console: switching to colour dummy device 80x25
Nov 16 09:25:11 ICEMAN kernel: [drm] Replacing VGA console driver
Nov 16 09:25:11 ICEMAN kernel: ACPI Warning: \_SB.PCI0.GFX0._DSM: Argument #4 type mismatch - Found [Buffer], ACPI requires [Package] (20170531/nsarguments-95)
Nov 16 09:25:11 ICEMAN kernel: ACPI: \_SB_.PCI0.GFX0: failed to evaluate _DSM
Nov 16 09:25:11 ICEMAN kernel: ACPI Warning: \_SB.PCI0.PEG0.PEGP._DSM: Argument #4 type mismatch - Found [Buffer], ACPI requires [Package] (20170531/nsarguments-95)
Nov 16 09:25:11 ICEMAN kernel: ACPI Warning: \_SB.PCI0.PEG0.PEGP._DSM: Argument #4 type mismatch - Found [Buffer], ACPI requires [Package] (20170531/nsarguments-95)
Nov 16 09:25:11 ICEMAN kernel: pci 0000:01:00.0: optimus capabilities: enabled, status dynamic power, 
Nov 16 09:25:11 ICEMAN kernel: VGA switcheroo: detected Optimus DSM method \_SB_.PCI0.PEG0.PEGP handle
Nov 16 09:25:11 ICEMAN kernel: nouveau 0000:01:00.0: enabling device (0006 -> 0007)
Nov 16 09:25:11 ICEMAN kernel: nouveau 0000:01:00.0: NVIDIA GF117 (0d7000a2)
Nov 16 09:25:11 ICEMAN kernel: [drm] Supports vblank timestamp caching Rev 2 (21.10.2013).
Nov 16 09:25:11 ICEMAN kernel: [drm] Driver supports precise vblank timestamp query.
Nov 16 09:25:11 ICEMAN kernel: nouveau 0000:01:00.0: bios: version 75.17.46.00.05
Nov 16 09:25:11 ICEMAN kernel: i915 0000:00:02.0: vgaarb: changed VGA decodes: olddecodes=io+mem,decodes=io+mem:owns=io+mem
Nov 16 09:25:11 ICEMAN kernel: nouveau 0000:01:00.0: fb: 1024 MiB GDDR5
Nov 16 09:25:11 ICEMAN kernel: nouveau 0000:01:00.0: volt: couldn't find speedo value, volting not possible
Nov 16 09:25:11 ICEMAN kernel: nouveau 0000:01:00.0: bus: MMIO read of 00000000 FAULT at 612004 [ IBUS ]
Nov 16 09:25:11 ICEMAN kernel: usb 1-1: new high-speed USB device number 2 using ehci-pci
Nov 16 09:25:11 ICEMAN kernel: usb 2-1: new high-speed USB device number 2 using ehci-pci
Nov 16 09:25:11 ICEMAN kernel: usb 3-2: new full-speed USB device number 2 using xhci_hcd
Nov 16 09:25:11 ICEMAN kernel: vga_switcheroo: enabled
Nov 16 09:25:11 ICEMAN kernel: [TTM] Zone  kernel: Available graphics memory: 4023136 kiB
Nov 16 09:25:11 ICEMAN kernel: [TTM] Zone   dma32: Available graphics memory: 2097152 kiB
Nov 16 09:25:11 ICEMAN kernel: [TTM] Initializing pool allocator
Nov 16 09:25:11 ICEMAN kernel: [TTM] Initializing DMA pool allocator
Nov 16 09:25:11 ICEMAN kernel: nouveau 0000:01:00.0: DRM: VRAM: 1024 MiB
Nov 16 09:25:11 ICEMAN kernel: nouveau 0000:01:00.0: DRM: GART: 1048576 MiB
Nov 16 09:25:11 ICEMAN kernel: nouveau 0000:01:00.0: DRM: Pointer to TMDS table invalid
Nov 16 09:25:11 ICEMAN kernel: nouveau 0000:01:00.0: DRM: DCB version 4.0
Nov 16 09:25:11 ICEMAN kernel: nouveau 0000:01:00.0: DRM: Pointer to flat panel table invalid
Nov 16 09:25:11 ICEMAN kernel: nouveau 0000:01:00.0: DRM: MM: using COPY0 for buffer copies
Nov 16 09:25:11 ICEMAN kernel: [drm] Initialized nouveau 1.3.1 20120801 for 0000:01:00.0 on minor 1
Nov 16 09:25:11 ICEMAN kernel: [drm] Initialized i915 1.6.0 20170619 for 0000:00:02.0 on minor 0
Nov 16 09:25:11 ICEMAN kernel: [Firmware Bug]: ACPI(PEGP) defines _DOD but not _DOS
Nov 16 09:25:11 ICEMAN kernel: ACPI: Video Device [PEGP] (multi-head: yes  rom: yes  post: no)
Nov 16 09:25:11 ICEMAN kernel: input: Video Bus as /devices/LNXSYSTM:00/LNXSYBUS:00/PNP0A08:00/device:38/LNXVIDEO:00/input/input6
Nov 16 09:25:11 ICEMAN kernel: ACPI: Video Device [GFX0] (multi-head: yes  rom: no  post: no)
Nov 16 09:25:11 ICEMAN kernel: acpi device:46: registered as cooling_device4
Nov 16 09:25:11 ICEMAN kernel: input: Video Bus as /devices/LNXSYSTM:00/LNXSYBUS:00/PNP0A08:00/LNXVIDEO:01/input/input7
Nov 16 09:25:11 ICEMAN kernel: usb 1-1: New USB device found, idVendor=8087, idProduct=0024
Nov 16 09:25:11 ICEMAN kernel: usb 1-1: New USB device strings: Mfr=0, Product=0, SerialNumber=0
Nov 16 09:25:11 ICEMAN kernel: hub 1-1:1.0: USB hub found
Nov 16 09:25:11 ICEMAN kernel: hub 1-1:1.0: 6 ports detected
Nov 16 09:25:11 ICEMAN kernel: usb 3-2: New USB device found, idVendor=046d, idProduct=c52b
Nov 16 09:25:11 ICEMAN kernel: usb 3-2: New USB device strings: Mfr=1, Product=2, SerialNumber=0
Nov 16 09:25:11 ICEMAN kernel: usb 3-2: Product: USB Receiver
Nov 16 09:25:11 ICEMAN kernel: usb 3-2: Manufacturer: Logitech
Nov 16 09:25:11 ICEMAN kernel: hidraw: raw HID events driver (C) Jiri Kosina
Nov 16 09:25:11 ICEMAN kernel: usb 2-1: New USB device found, idVendor=8087, idProduct=0024
Nov 16 09:25:11 ICEMAN kernel: usb 2-1: New USB device strings: Mfr=0, Product=0, SerialNumber=0
Nov 16 09:25:11 ICEMAN kernel: hub 2-1:1.0: USB hub found
Nov 16 09:25:11 ICEMAN kernel: hub 2-1:1.0: 8 ports detected
Nov 16 09:25:11 ICEMAN kernel: usbcore: registered new interface driver usbhid
Nov 16 09:25:11 ICEMAN kernel: usbhid: USB HID core driver
Nov 16 09:25:11 ICEMAN kernel: logitech-djreceiver 0003:046D:C52B.0003: hiddev0,hidraw0: USB HID v1.11 Device [Logitech USB Receiver] on usb-0000:00:14.0-2/input2
Nov 16 09:25:11 ICEMAN kernel: ata1: SATA link up 3.0 Gbps (SStatus 123 SControl 300)
Nov 16 09:25:11 ICEMAN kernel: ata1.00: ACPI cmd 00/00:00:00:00:00:a0 (NOP) rejected by device (Stat=0x51 Err=0x04)
Nov 16 09:25:11 ICEMAN kernel: ata1.00: ATA-8: Hitachi HTS545050A7E380, GG2OA7A0, max UDMA/133
Nov 16 09:25:11 ICEMAN kernel: ata1.00: 976773168 sectors, multi 16: LBA48 NCQ (depth 31/32), AA
Nov 16 09:25:11 ICEMAN kernel: ata1.00: ACPI cmd 00/00:00:00:00:00:a0 (NOP) rejected by device (Stat=0x51 Err=0x04)
Nov 16 09:25:11 ICEMAN kernel: ata1.00: configured for UDMA/133
Nov 16 09:25:11 ICEMAN kernel: scsi 0:0:0:0: Direct-Access     ATA      Hitachi HTS54505 A7A0 PQ: 0 ANSI: 5
Nov 16 09:25:11 ICEMAN kernel: sd 0:0:0:0: Attached scsi generic sg0 type 0
Nov 16 09:25:11 ICEMAN kernel: sd 0:0:0:0: [sda] 976773168 512-byte logical blocks: (500 GB/466 GiB)
Nov 16 09:25:11 ICEMAN kernel: sd 0:0:0:0: [sda] 4096-byte physical blocks
Nov 16 09:25:11 ICEMAN kernel: sd 0:0:0:0: [sda] Write Protect is off
Nov 16 09:25:11 ICEMAN kernel: sd 0:0:0:0: [sda] Mode Sense: 00 3a 00 00
Nov 16 09:25:11 ICEMAN kernel: sd 0:0:0:0: [sda] Write cache: enabled, read cache: enabled, doesn't support DPO or FUA
Nov 16 09:25:11 ICEMAN kernel: input: Logitech K520 as /devices/pci0000:00/0000:00:14.0/usb3/3-2/3-2:1.2/0003:046D:C52B.0003/0003:046D:2011.0004/input/input8
Nov 16 09:25:11 ICEMAN kernel: logitech-hidpp-device 0003:046D:2011.0004: input,hidraw1: USB HID v1.11 Keyboard [Logitech K520] on usb-0000:00:14.0-2:1
Nov 16 09:25:11 ICEMAN kernel: input: Logitech M310 as /devices/pci0000:00/0000:00:14.0/usb3/3-2/3-2:1.2/0003:046D:C52B.0003/0003:046D:1024.0005/input/input9
Nov 16 09:25:11 ICEMAN kernel: logitech-hidpp-device 0003:046D:1024.0005: input,hidraw2: USB HID v1.11 Mouse [Logitech M310] on usb-0000:00:14.0-2:2
Nov 16 09:25:11 ICEMAN kernel:  sda: sda1 sda2 < sda5 sda6 sda7 sda8 >
Nov 16 09:25:11 ICEMAN kernel: sd 0:0:0:0: [sda] Attached SCSI disk
Nov 16 09:25:11 ICEMAN kernel: tsc: Refined TSC clocksource calibration: 2394.560 MHz
Nov 16 09:25:11 ICEMAN kernel: clocksource: tsc: mask: 0xffffffffffffffff max_cycles: 0x2284248580e, max_idle_ns: 440795288736 ns
Nov 16 09:25:11 ICEMAN kernel: usb 1-1.5: new high-speed USB device number 3 using ehci-pci
Nov 16 09:25:11 ICEMAN kernel: usb 2-1.5: new full-speed USB device number 3 using ehci-pci
Nov 16 09:25:11 ICEMAN kernel: fbcon: inteldrmfb (fb0) is primary device
Nov 16 09:25:11 ICEMAN kernel: Console: switching to colour frame buffer device 200x56
Nov 16 09:25:11 ICEMAN kernel: i915 0000:00:02.0: fb0: inteldrmfb frame buffer device
Nov 16 09:25:11 ICEMAN kernel: ata2: SATA link up 3.0 Gbps (SStatus 123 SControl 300)
Nov 16 09:25:11 ICEMAN kernel: ata2.00: ATA-8: SAMSUNG SSD PM830 mSATA 128GB, CXM12D1Q, max UDMA/133
Nov 16 09:25:11 ICEMAN kernel: ata2.00: 250069680 sectors, multi 16: LBA48 NCQ (depth 31/32), AA
Nov 16 09:25:11 ICEMAN kernel: ata2.00: configured for UDMA/133
Nov 16 09:25:11 ICEMAN kernel: scsi 1:0:0:0: Direct-Access     ATA      SAMSUNG SSD PM83 2D1Q PQ: 0 ANSI: 5
Nov 16 09:25:11 ICEMAN kernel: usb 2-1.5: New USB device found, idVendor=8087, idProduct=07da
Nov 16 09:25:11 ICEMAN kernel: usb 2-1.5: New USB device strings: Mfr=0, Product=0, SerialNumber=0
Nov 16 09:25:11 ICEMAN kernel: sd 1:0:0:0: Attached scsi generic sg1 type 0
Nov 16 09:25:11 ICEMAN kernel: sd 1:0:0:0: [sdb] 250069680 512-byte logical blocks: (128 GB/119 GiB)
Nov 16 09:25:11 ICEMAN kernel: sd 1:0:0:0: [sdb] Write Protect is off
Nov 16 09:25:11 ICEMAN kernel: sd 1:0:0:0: [sdb] Mode Sense: 00 3a 00 00
Nov 16 09:25:11 ICEMAN kernel: sd 1:0:0:0: [sdb] Write cache: enabled, read cache: enabled, doesn't support DPO or FUA
Nov 16 09:25:11 ICEMAN kernel:  sdb: sdb1 sdb2
Nov 16 09:25:11 ICEMAN kernel: sd 1:0:0:0: [sdb] Attached SCSI disk
Nov 16 09:25:11 ICEMAN kernel: usb 1-1.5: New USB device found, idVendor=1bcf, idProduct=2899
Nov 16 09:25:11 ICEMAN kernel: usb 1-1.5: New USB device strings: Mfr=1, Product=2, SerialNumber=0
Nov 16 09:25:11 ICEMAN kernel: usb 1-1.5: Product: Laptop_Integrated_Webcam_1.3M
Nov 16 09:25:11 ICEMAN kernel: usb 1-1.5: Manufacturer: CN01RH717248724GF3ZEA00
Nov 16 09:25:11 ICEMAN kernel: psmouse serio1: synaptics: queried max coordinates: x [..5678], y [..4680]
Nov 16 09:25:11 ICEMAN kernel: psmouse serio1: synaptics: queried min coordinates: x [1264..], y [1174..]
Nov 16 09:25:11 ICEMAN kernel: psmouse serio1: synaptics: Your touchpad (PNP: DLL054d PNP0f13) says it can support a different bus. If i2c-hid and hid-rmi are not used, you might want to try setting psmouse.synaptics_intertouch to 1 and report this to linux-input@vger.kernel.org.
Nov 16 09:25:11 ICEMAN kernel: psmouse serio1: synaptics: Touchpad model: 1, fw: 8.1, id: 0x1e2b1, caps: 0xd00123/0x840300/0x126c00/0x0, board id: 2080, fw id: 1114765
Nov 16 09:25:11 ICEMAN kernel: input: SynPS/2 Synaptics TouchPad as /devices/platform/i8042/serio1/input/input5
Nov 16 09:25:11 ICEMAN kernel: EXT4-fs (sdb2): mounted filesystem with ordered data mode. Opts: (null)
Nov 16 09:25:11 ICEMAN kernel: clocksource: Switched to clocksource tsc
Nov 16 09:25:11 ICEMAN kernel: ip_tables: (C) 2000-2006 Netfilter Core Team
Nov 16 09:25:11 ICEMAN systemd[1]: systemd 234 running in system mode. (+PAM +AUDIT +SELINUX +IMA +APPARMOR +SMACK +SYSVINIT +UTMP +LIBCRYPTSETUP +GCRYPT +GNUTLS +ACL +XZ +LZ4 +SECCOMP +BLKID +ELFUTILS +KMOD -IDN2 +IDN default-hierarchy=hybrid)
Nov 16 09:25:11 ICEMAN systemd[1]: Detected architecture x86-64.
Nov 16 09:25:11 ICEMAN systemd[1]: Set hostname to <ICEMAN>.
Nov 16 09:25:11 ICEMAN systemd[1]: Reached target User and Group Name Lookups.
Nov 16 09:25:11 ICEMAN systemd[1]: Listening on Journal Socket (/dev/log).
Nov 16 09:25:11 ICEMAN systemd[1]: Listening on udev Kernel Socket.
Nov 16 09:25:11 ICEMAN systemd[1]: Created slice User and Session Slice.
Nov 16 09:25:11 ICEMAN systemd[1]: Listening on RPCbind Server Activation Socket.
Nov 16 09:25:11 ICEMAN systemd[1]: Started Forward Password Requests to Wall Directory Watch.
Nov 16 09:25:11 ICEMAN systemd[1]: Listening on Syslog Socket.
Nov 16 09:25:11 ICEMAN kernel: lp: driver loaded but no devices found
Nov 16 09:25:11 ICEMAN kernel: ppdev: user-space parallel port driver
Nov 16 09:25:11 ICEMAN kernel: RPC: Registered named UNIX socket transport module.
Nov 16 09:25:11 ICEMAN kernel: RPC: Registered udp transport module.
Nov 16 09:25:11 ICEMAN kernel: RPC: Registered tcp transport module.
Nov 16 09:25:11 ICEMAN kernel: RPC: Registered tcp NFSv4.1 backchannel transport module.
Nov 16 09:25:11 ICEMAN kernel: Installing knfsd (copyright (C) 1996 okir@monad.swb.de).
Nov 16 09:25:11 ICEMAN systemd-journald[261]: Journal started
Nov 16 09:25:11 ICEMAN systemd-journald[261]: Runtime journal (/run/log/journal/86da597d1c7448d3a08a7ac2f6d9a9a6) is 8.0M, max 78.5M, 70.5M free.
Nov 16 09:25:11 ICEMAN systemd-modules-load[259]: Inserted module 'lp'
Nov 16 09:25:11 ICEMAN blkmapd[279]: open pipe file /run/rpc_pipefs/nfs/blocklayout failed: No such file or directory
Nov 16 09:25:11 ICEMAN systemd-modules-load[259]: Inserted module 'ppdev'
Nov 16 09:25:11 ICEMAN systemd-modules-load[259]: Inserted module 'parport_pc'
Nov 16 09:25:11 ICEMAN systemd[1]: Started Set the console keyboard layout.
Nov 16 09:25:11 ICEMAN systemd[1]: Started udev Kernel Device Manager.
Nov 16 09:25:11 ICEMAN systemd[1]: Starting Remount Root and Kernel File Systems...
Nov 16 09:25:11 ICEMAN systemd[1]: Started Remount Root and Kernel File Systems.
Nov 16 09:25:11 ICEMAN kernel: EXT4-fs (sdb2): re-mounted. Opts: errors=remount-ro
Nov 16 09:25:11 ICEMAN systemd[1]: Reached target Local File Systems (Pre).
Nov 16 09:25:11 ICEMAN systemd[1]: Starting udev Coldplug all Devices...
Nov 16 09:25:11 ICEMAN systemd[1]: Started udev Coldplug all Devices.
Nov 16 09:25:11 ICEMAN systemd[1]: Starting Show Plymouth Boot Screen...
Nov 16 09:25:11 ICEMAN systemd[1]: Started Show Plymouth Boot Screen.
Nov 16 09:25:11 ICEMAN systemd[1]: Reached target Encrypted Volumes.
Nov 16 09:25:11 ICEMAN systemd[1]: Started Forward Password Requests to Plymouth Directory Watch.
Nov 16 09:25:11 ICEMAN systemd[1]: Created slice system-systemd\x2dbacklight.slice.
Nov 16 09:25:11 ICEMAN kernel: shpchp: Standard Hot Plug PCI Controller Driver version: 0.4
Nov 16 09:25:11 ICEMAN mtp-probe[338]: checking bus 3, device 2: "/sys/devices/pci0000:00/0000:00:14.0/usb3/3-2"
Nov 16 09:25:11 ICEMAN mtp-probe[338]: bus: 3, device: 2 was not an MTP device
Nov 16 09:25:11 ICEMAN systemd-udevd[328]: link_config: autonegotiation is unset or enabled, the speed and duplex are not writable.
Nov 16 09:25:11 ICEMAN mtp-probe[351]: checking bus 1, device 3: "/sys/devices/pci0000:00/0000:00:1a.0/usb1/1-1/1-1.5"
Nov 16 09:25:11 ICEMAN mtp-probe[351]: bus: 1, device: 3 was not an MTP device
Nov 16 09:25:11 ICEMAN kernel: ACPI Warning: SystemIO range 0x0000000000000428-0x000000000000042F conflicts with OpRegion 0x0000000000000400-0x000000000000047F (\PMIO) (20170531/utaddress-247)
Nov 16 09:25:11 ICEMAN kernel: ACPI: If an ACPI driver is available for this device, you should use it instead of the native driver
Nov 16 09:25:11 ICEMAN kernel: ACPI Warning: SystemIO range 0x0000000000000540-0x000000000000054F conflicts with OpRegion 0x0000000000000500-0x0000000000000563 (\GPIO) (20170531/utaddress-247)
Nov 16 09:25:11 ICEMAN kernel: ACPI Warning: SystemIO range 0x0000000000000540-0x000000000000054F conflicts with OpRegion 0x0000000000000500-0x000000000000055F (\_SB.PCI0.PEG0.PEGP.GPIO) (20170531/utaddress-247)
Nov 16 09:25:11 ICEMAN kernel: ACPI: If an ACPI driver is available for this device, you should use it instead of the native driver
Nov 16 09:25:11 ICEMAN kernel: ACPI Warning: SystemIO range 0x0000000000000530-0x000000000000053F conflicts with OpRegion 0x0000000000000500-0x0000000000000563 (\GPIO) (20170531/utaddress-247)
Nov 16 09:25:11 ICEMAN kernel: ACPI Warning: SystemIO range 0x0000000000000530-0x000000000000053F conflicts with OpRegion 0x0000000000000500-0x000000000000055F (\_SB.PCI0.PEG0.PEGP.GPIO) (20170531/utaddress-247)
Nov 16 09:25:11 ICEMAN kernel: ACPI: If an ACPI driver is available for this device, you should use it instead of the native driver
Nov 16 09:25:11 ICEMAN kernel: ACPI Warning: SystemIO range 0x0000000000000500-0x000000000000052F conflicts with OpRegion 0x0000000000000500-0x0000000000000563 (\GPIO) (20170531/utaddress-247)
Nov 16 09:25:11 ICEMAN kernel: ACPI Warning: SystemIO range 0x0000000000000500-0x000000000000052F conflicts with OpRegion 0x0000000000000500-0x000000000000055F (\_SB.PCI0.PEG0.PEGP.GPIO) (20170531/utaddress-247)
Nov 16 09:25:11 ICEMAN kernel: ACPI: If an ACPI driver is available for this device, you should use it instead of the native driver
Nov 16 09:25:11 ICEMAN kernel: lpc_ich: Resource conflict(s) found affecting gpio_ich
Nov 16 09:25:11 ICEMAN kernel: Intel(R) Wireless WiFi driver for Linux
Nov 16 09:25:11 ICEMAN kernel: Copyright(c) 2003- 2015 Intel Corporation
Nov 16 09:25:11 ICEMAN kernel: iwlwifi 0000:08:00.0: can't disable ASPM; OS doesn't have ASPM control
Nov 16 09:25:11 ICEMAN kernel: media: Linux media interface: v0.10
Nov 16 09:25:11 ICEMAN kernel: iwlwifi 0000:08:00.0: loaded firmware version 18.168.6.1 op_mode iwldvm
Nov 16 09:25:11 ICEMAN kernel: Linux video capture interface: v2.00
Nov 16 09:25:11 ICEMAN kernel: Bluetooth: Core ver 2.22
Nov 16 09:25:11 ICEMAN kernel: NET: Registered protocol family 31
Nov 16 09:25:11 ICEMAN kernel: Bluetooth: HCI device and connection manager initialized
Nov 16 09:25:11 ICEMAN kernel: Bluetooth: HCI socket layer initialized
Nov 16 09:25:11 ICEMAN kernel: Bluetooth: L2CAP socket layer initialized
Nov 16 09:25:11 ICEMAN kernel: Bluetooth: SCO socket layer initialized
Nov 16 09:25:11 ICEMAN kernel: iwlwifi 0000:08:00.0: CONFIG_IWLWIFI_DEBUG disabled
Nov 16 09:25:11 ICEMAN kernel: iwlwifi 0000:08:00.0: CONFIG_IWLWIFI_DEBUGFS enabled
Nov 16 09:25:11 ICEMAN kernel: iwlwifi 0000:08:00.0: CONFIG_IWLWIFI_DEVICE_TRACING enabled
Nov 16 09:25:11 ICEMAN kernel: iwlwifi 0000:08:00.0: Detected Intel(R) Centrino(R) Advanced-N 6235 AGN, REV=0xB0
Nov 16 09:25:11 ICEMAN kernel: uvcvideo: Found UVC 1.00 device Laptop_Integrated_Webcam_1.3M (1bcf:2899)
Nov 16 09:25:11 ICEMAN kernel: usbcore: registered new interface driver btusb
Nov 16 09:25:11 ICEMAN kernel: dcdbas dcdbas: Dell Systems Management Base Driver (version 5.6.0-3.2)
Nov 16 09:25:11 ICEMAN kernel: dell_wmi: Detected Dell WMI interface version 0
Nov 16 09:25:11 ICEMAN kernel: input: Dell WMI hotkeys as /devices/platform/PNP0C14:00/wmi_bus/wmi_bus-PNP0C14:00/9DBB5994-A997-11DA-B012-B622A1EF5492/input/input10
Nov 16 09:25:11 ICEMAN kernel: ieee80211 phy0: Selected rate control algorithm 'iwl-agn-rs'
Nov 16 09:25:11 ICEMAN kernel: uvcvideo 1-1.5:1.0: Entity type for entity Extension 4 was not initialized!
Nov 16 09:25:11 ICEMAN kernel: uvcvideo 1-1.5:1.0: Entity type for entity Extension 3 was not initialized!
Nov 16 09:25:11 ICEMAN kernel: uvcvideo 1-1.5:1.0: Entity type for entity Processing 2 was not initialized!
Nov 16 09:25:11 ICEMAN kernel: uvcvideo 1-1.5:1.0: Entity type for entity Camera 1 was not initialized!
Nov 16 09:25:11 ICEMAN kernel: input: Laptop_Integrated_Webcam_1.3M:  as /devices/pci0000:00/0000:00:1a.0/usb1/1-1/1-1.5/1-1.5:1.0/input/input11
Nov 16 09:25:11 ICEMAN kernel: usbcore: registered new interface driver uvcvideo
Nov 16 09:25:11 ICEMAN kernel: USB Video Class driver (1.1.1)
Nov 16 09:25:11 ICEMAN kernel: RAPL PMU: API unit is 2^-32 Joules, 3 fixed counters, 163840 ms ovfl timer
Nov 16 09:25:11 ICEMAN kernel: RAPL PMU: hw unit of domain pp0-core 2^-16 Joules
Nov 16 09:25:11 ICEMAN kernel: RAPL PMU: hw unit of domain package 2^-16 Joules
Nov 16 09:25:11 ICEMAN kernel: RAPL PMU: hw unit of domain pp1-gpu 2^-16 Joules
Nov 16 09:25:11 ICEMAN kernel: AVX version of gcm_enc/dec engaged.
Nov 16 09:25:11 ICEMAN kernel: AES CTR mode by8 optimization enabled
Nov 16 09:25:12 ICEMAN kernel: snd_hda_intel 0000:00:1b.0: bound 0000:00:02.0 (ops i915_audio_component_bind_ops [i915])
Nov 16 09:25:12 ICEMAN kernel: snd_hda_codec_realtek hdaudioC0D0: autoconfig for ALC3260: line_outs=1 (0x14/0x0/0x0/0x0/0x0) type:speaker
Nov 16 09:25:12 ICEMAN kernel: snd_hda_codec_realtek hdaudioC0D0:    speaker_outs=0 (0x0/0x0/0x0/0x0/0x0)
Nov 16 09:25:12 ICEMAN kernel: snd_hda_codec_realtek hdaudioC0D0:    hp_outs=1 (0x15/0x0/0x0/0x0/0x0)
Nov 16 09:25:12 ICEMAN kernel: snd_hda_codec_realtek hdaudioC0D0:    mono: mono_out=0x0
Nov 16 09:25:12 ICEMAN kernel: snd_hda_codec_realtek hdaudioC0D0:    inputs:
Nov 16 09:25:12 ICEMAN kernel: snd_hda_codec_realtek hdaudioC0D0:      Mic=0x18
Nov 16 09:25:12 ICEMAN kernel: snd_hda_codec_realtek hdaudioC0D0:      Internal Mic=0x12
Nov 16 09:25:12 ICEMAN kernel: input: HDA Intel PCH Mic as /devices/pci0000:00/0000:00:1b.0/sound/card0/input12
Nov 16 09:25:12 ICEMAN kernel: input: HDA Intel PCH Front Headphone as /devices/pci0000:00/0000:00:1b.0/sound/card0/input13
Nov 16 09:25:12 ICEMAN kernel: input: HDA Intel PCH HDMI/DP,pcm=3 as /devices/pci0000:00/0000:00:1b.0/sound/card0/input14
Nov 16 09:25:12 ICEMAN kernel: input: HDA Intel PCH HDMI/DP,pcm=7 as /devices/pci0000:00/0000:00:1b.0/sound/card0/input15
Nov 16 09:25:12 ICEMAN systemd[1]: Listening on Load/Save RF Kill Switch Status /dev/rfkill Watch.
Nov 16 09:25:12 ICEMAN systemd-udevd[329]: link_config: autonegotiation is unset or enabled, the speed and duplex are not writable.
Nov 16 09:25:12 ICEMAN kernel: intel_rapl: Found RAPL domain package
Nov 16 09:25:12 ICEMAN kernel: intel_rapl: Found RAPL domain core
Nov 16 09:25:12 ICEMAN kernel: intel_rapl: Found RAPL domain uncore
Nov 16 09:25:12 ICEMAN kernel: intel_rapl: RAPL package 0 domain package locked by BIOS
Nov 16 09:25:12 ICEMAN systemd-udevd[329]: link_config: autonegotiation is unset or enabled, the speed and duplex are not writable.
Nov 16 09:25:12 ICEMAN kernel: iwlwifi 0000:08:00.0 wlp8s0: renamed from wlan0
Nov 16 09:25:12 ICEMAN systemd[1]: Reached target Sound Card.
Nov 16 09:25:12 ICEMAN systemd[1]: Found device SAMSUNG_SSD_PM830_mSATA_128GB EFI\x20System\x20Partition.
Nov 16 09:25:12 ICEMAN systemd[1]: Starting File System Check on /dev/disk/by-uuid/5B62-3833...
Nov 16 09:25:12 ICEMAN systemd[1]: Started File System Check Daemon to report status.
Nov 16 09:25:12 ICEMAN systemd-udevd[322]: Process '/usr/sbin/alsactl -E HOME=/run/alsa restore 0' failed with exit code 99.
Nov 16 09:25:12 ICEMAN systemd-fsck[532]: fsck.fat 4.1 (2017-01-24)
Nov 16 09:25:12 ICEMAN systemd-fsck[532]: /dev/sdb1: 14 files, 9304/504090 clusters
Nov 16 09:25:12 ICEMAN systemd[1]: Started File System Check on /dev/disk/by-uuid/5B62-3833.
Nov 16 09:25:12 ICEMAN systemd[1]: Mounting /boot/efi...
Nov 16 09:25:12 ICEMAN kernel: random: crng init done
Nov 16 09:25:12 ICEMAN systemd[1]: Mounted /boot/efi.
Nov 16 09:25:12 ICEMAN systemd[1]: Found device Hitachi_HTS545050A7E380 8.
Nov 16 09:25:12 ICEMAN systemd[1]: Starting File System Check on /dev/disk/by-uuid/60e78bb9-fd68-4fda-8e75-038aacb03afb...
Nov 16 09:25:12 ICEMAN systemd[1]: Found device Hitachi_HTS545050A7E380 7.
Nov 16 09:25:12 ICEMAN systemd[1]: Starting File System Check on /dev/disk/by-uuid/0ae72c44-1afd-467f-b93e-b7bdd9f2b71e...
Nov 16 09:25:12 ICEMAN systemd[1]: Found device Hitachi_HTS545050A7E380 5.
Nov 16 09:25:12 ICEMAN systemd[1]: Starting File System Check on /dev/disk/by-uuid/df9bd7d2-86e7-484d-bc28-5f5df1f55e83...
Nov 16 09:25:12 ICEMAN systemd[1]: Found device Hitachi_HTS545050A7E380 1.
Nov 16 09:25:12 ICEMAN systemd[1]: Activating swap /dev/disk/by-uuid/58294cd3-d37e-4b00-884c-61fba3f7543e...
Nov 16 09:25:12 ICEMAN systemd[1]: Found device Hitachi_HTS545050A7E380 SRV.
Nov 16 09:25:12 ICEMAN systemd[1]: Starting File System Check on /dev/disk/by-uuid/92c3c0a6-2c02-4f5e-a16e-eb72cf5dbe40...
Nov 16 09:25:12 ICEMAN systemd[1]: Received SIGRTMIN+20 from PID 330 (plymouthd).
Nov 16 09:25:12 ICEMAN kernel: Adding 10485756k swap on /dev/sda1.  Priority:-1 extents:1 across:10485756k FS
Nov 16 09:25:12 ICEMAN systemd[1]: Activated swap /dev/disk/by-uuid/58294cd3-d37e-4b00-884c-61fba3f7543e.
Nov 16 09:25:12 ICEMAN systemd[1]: Reached target Swap.
Nov 16 09:25:13 ICEMAN systemd-fsck[565]: /dev/sda7: clean, 12227/327680 files, 379398/1310720 blocks
Nov 16 09:25:13 ICEMAN systemd[1]: Started File System Check on /dev/disk/by-uuid/0ae72c44-1afd-467f-b93e-b7bdd9f2b71e.
Nov 16 09:25:13 ICEMAN systemd[1]: var.mount: Directory /var to mount over is not empty, mounting anyway.
Nov 16 09:25:13 ICEMAN systemd[1]: Mounting /var...
Nov 16 09:25:13 ICEMAN systemd-fsck[553]: /dev/sda8: clean, 99701/6250496 files, 1633233/25000000 blocks
Nov 16 09:25:13 ICEMAN systemd[1]: Started File System Check on /dev/disk/by-uuid/60e78bb9-fd68-4fda-8e75-038aacb03afb.
Nov 16 09:25:13 ICEMAN systemd[1]: Mounting /home...
Nov 16 09:25:13 ICEMAN kernel: EXT4-fs (sda7): mounted filesystem with ordered data mode. Opts: (null)
Nov 16 09:25:13 ICEMAN systemd[1]: Mounted /var.
Nov 16 09:25:13 ICEMAN systemd[1]: Starting Load/Save Screen Backlight Brightness of backlight:acpi_video0...
Nov 16 09:25:13 ICEMAN systemd[1]: Mounting Mount unit for core...
Nov 16 09:25:13 ICEMAN systemd[1]: Starting Load/Save Random Seed...
Nov 16 09:25:13 ICEMAN systemd[1]: Starting Load/Save Screen Backlight Brightness of leds:dell::kbd_backlight...
Nov 16 09:25:13 ICEMAN systemd[1]: Mounting Mount unit for core...
Nov 16 09:25:13 ICEMAN systemd[1]: Starting Flush Journal to Persistent Storage...
Nov 16 09:25:13 ICEMAN systemd[1]: Starting Load/Save Screen Backlight Brightness of backlight:intel_backlight...
Nov 16 09:25:13 ICEMAN systemd[1]: Mounting Mount unit for atom...
Nov 16 09:25:13 ICEMAN systemd[1]: Starting Load/Save RF Kill Switch Status...
Nov 16 09:25:13 ICEMAN systemd-fsck[567]: /dev/sda5: clean, 32/655360 files, 46908/2621440 blocks
Nov 16 09:25:13 ICEMAN systemd[1]: Started File System Check on /dev/disk/by-uuid/df9bd7d2-86e7-484d-bc28-5f5df1f55e83.
Nov 16 09:25:13 ICEMAN systemd[1]: Mounting /tmp...
Nov 16 09:25:13 ICEMAN systemd-journald[261]: Runtime journal (/run/log/journal/86da597d1c7448d3a08a7ac2f6d9a9a6) is 8.0M, max 78.5M, 70.5M free.
Nov 16 09:25:13 ICEMAN systemd[1]: Started Flush Journal to Persistent Storage.
Nov 16 09:25:13 ICEMAN systemd[1]: Started Load/Save Screen Backlight Brightness of backlight:intel_backlight.
Nov 16 09:25:13 ICEMAN systemd[1]: Started Load/Save Screen Backlight Brightness of backlight:acpi_video0.
Nov 16 09:25:13 ICEMAN systemd[1]: Started Load/Save Screen Backlight Brightness of leds:dell::kbd_backlight.
Nov 16 09:25:13 ICEMAN systemd-fsck[580]: SRV: clean, 11/25688 files, 8896/102400 blocks
Nov 16 09:25:13 ICEMAN systemd[1]: Started Load/Save Random Seed.
Nov 16 09:25:13 ICEMAN systemd[1]: Started Load/Save RF Kill Switch Status.
Nov 16 09:25:13 ICEMAN kernel: EXT4-fs (sda5): mounting ext2 file system using the ext4 subsystem
Nov 16 09:25:13 ICEMAN systemd[1]: Mounted Mount unit for core.
Nov 16 09:25:13 ICEMAN systemd[1]: Mounted Mount unit for core.
Nov 16 09:25:13 ICEMAN systemd[1]: Started File System Check on /dev/disk/by-uuid/92c3c0a6-2c02-4f5e-a16e-eb72cf5dbe40.
Nov 16 09:25:13 ICEMAN systemd[1]: Mounting /srv...
Nov 16 09:25:13 ICEMAN systemd[1]: Mounted /tmp.
Nov 16 09:25:13 ICEMAN kernel: EXT4-fs (sda5): mounted filesystem without journal. Opts: (null)
Nov 16 09:25:13 ICEMAN systemd[1]: Mounted Mount unit for atom.
Nov 16 09:25:14 ICEMAN kernel: EXT4-fs (sda8): mounted filesystem with ordered data mode. Opts: (null)
Nov 16 09:25:14 ICEMAN systemd[1]: Mounted /home.
Nov 16 09:25:14 ICEMAN kernel: EXT4-fs (sda6): mounted filesystem with ordered data mode. Opts: (null)
Nov 16 09:25:14 ICEMAN systemd[1]: Mounted /srv.
Nov 16 09:25:14 ICEMAN systemd[1]: Reached target Local File Systems.
Nov 16 09:25:14 ICEMAN systemd[1]: Starting Preprocess NFS configuration...
Nov 16 09:25:14 ICEMAN systemd[1]: Starting Set console font and keymap...
Nov 16 09:25:14 ICEMAN systemd[1]: Starting Enable support for additional executable binary formats...
Nov 16 09:25:14 ICEMAN systemd[1]: Starting Tell Plymouth To Write Out Runtime Data...
Nov 16 09:25:14 ICEMAN systemd[1]: Starting Create Volatile Files and Directories...
Nov 16 09:25:14 ICEMAN systemd[1]: Starting AppArmor initialization...
Nov 16 09:25:14 ICEMAN systemd[1]: Starting Clean up any mess left by 0dns-up...
Nov 16 09:25:14 ICEMAN systemd[1]: Starting QEMU KVM preparation - module, ksm, hugepages...
Nov 16 09:25:14 ICEMAN systemd-tmpfiles[619]: [/usr/lib/tmpfiles.d/var.conf:14] Duplicate line for path "/var/log", ignoring.
Nov 16 09:25:14 ICEMAN systemd[1]: Started Preprocess NFS configuration.
Nov 16 09:25:14 ICEMAN systemd[1]: proc-sys-fs-binfmt_misc.automount: Got automount request for /proc/sys/fs/binfmt_misc, triggered by 617 (update-binfmts)
Nov 16 09:25:14 ICEMAN systemd[1]: Mounting Arbitrary Executable File Formats File System...
Nov 16 09:25:14 ICEMAN systemd[1]: Starting NFSv4 ID-name mapping service...
Nov 16 09:25:14 ICEMAN systemd[1]: Reached target NFS client services.
Nov 16 09:25:14 ICEMAN systemd[1]: Mounted Arbitrary Executable File Formats File System.
Nov 16 09:25:14 ICEMAN systemd[1]: Started QEMU KVM preparation - module, ksm, hugepages.
Nov 16 09:25:14 ICEMAN systemd[1]: Started NFSv4 ID-name mapping service.
Nov 16 09:25:14 ICEMAN console-setup.sh[616]: setupcon: The keyboard model is unknown, assuming 'pc105'. Keyboard may be configured incorrectly.
Nov 16 09:25:14 ICEMAN systemd[1]: Started Clean up any mess left by 0dns-up.
Nov 16 09:25:14 ICEMAN systemd[1]: Started Tell Plymouth To Write Out Runtime Data.
Nov 16 09:25:14 ICEMAN apparmor[620]:  * Starting AppArmor profiles
Nov 16 09:25:14 ICEMAN systemd[1]: Started Enable support for additional executable binary formats.
Nov 16 09:25:14 ICEMAN audit[707]: AVC apparmor="STATUS" operation="profile_load" profile="unconfined" name="/snap/core/3247/usr/lib/snapd/snap-confine" pid=707 comm="apparmor_parser"
Nov 16 09:25:14 ICEMAN audit[707]: AVC apparmor="STATUS" operation="profile_load" profile="unconfined" name="/snap/core/3247/usr/lib/snapd/snap-confine//mount-namespace-capture-helper" pid=707 comm="apparmor_parser"
Nov 16 09:25:14 ICEMAN apparmor[620]: Skipping profile in /etc/apparmor.d/disable: usr.bin.firefox
Nov 16 09:25:14 ICEMAN kernel: audit: type=1400 audit(1510795514.786:2): apparmor="STATUS" operation="profile_load" profile="unconfined" name="/snap/core/3247/usr/lib/snapd/snap-confine" pid=707 comm="apparmor_parser"
Nov 16 09:25:14 ICEMAN kernel: audit: type=1400 audit(1510795514.786:3): apparmor="STATUS" operation="profile_load" profile="unconfined" name="/snap/core/3247/usr/lib/snapd/snap-confine//mount-namespace-capture-helper" pid=707 comm="apparmor_parser"
Nov 16 09:25:14 ICEMAN audit[711]: AVC apparmor="STATUS" operation="profile_load" profile="unconfined" name="libreoffice-oopslash" pid=711 comm="apparmor_parser"
Nov 16 09:25:14 ICEMAN audit[712]: AVC apparmor="STATUS" operation="profile_load" profile="unconfined" name="libreoffice-senddoc" pid=712 comm="apparmor_parser"
Nov 16 09:25:14 ICEMAN kernel: audit: type=1400 audit(1510795514.789:4): apparmor="STATUS" operation="profile_load" profile="unconfined" name="libreoffice-oopslash" pid=711 comm="apparmor_parser"
Nov 16 09:25:14 ICEMAN kernel: audit: type=1400 audit(1510795514.791:5): apparmor="STATUS" operation="profile_load" profile="unconfined" name="libreoffice-senddoc" pid=712 comm="apparmor_parser"
Nov 16 09:25:14 ICEMAN audit[706]: AVC apparmor="STATUS" operation="profile_load" profile="unconfined" name="/sbin/dhclient" pid=706 comm="apparmor_parser"
Nov 16 09:25:14 ICEMAN audit[706]: AVC apparmor="STATUS" operation="profile_load" profile="unconfined" name="/usr/lib/NetworkManager/nm-dhcp-client.action" pid=706 comm="apparmor_parser"
Nov 16 09:25:14 ICEMAN audit[706]: AVC apparmor="STATUS" operation="profile_load" profile="unconfined" name="/usr/lib/NetworkManager/nm-dhcp-helper" pid=706 comm="apparmor_parser"
Nov 16 09:25:14 ICEMAN audit[706]: AVC apparmor="STATUS" operation="profile_load" profile="unconfined" name="/usr/lib/connman/scripts/dhclient-script" pid=706 comm="apparmor_parser"
Nov 16 09:25:14 ICEMAN audit[714]: AVC apparmor="STATUS" operation="profile_load" profile="unconfined" name="libreoffice-xpdfimport" pid=714 comm="apparmor_parser"
Nov 16 09:25:14 ICEMAN kernel: audit: type=1400 audit(1510795514.791:6): apparmor="STATUS" operation="profile_load" profile="unconfined" name="/sbin/dhclient" pid=706 comm="apparmor_parser"
Nov 16 09:25:14 ICEMAN kernel: audit: type=1400 audit(1510795514.791:7): apparmor="STATUS" operation="profile_load" profile="unconfined" name="/usr/lib/NetworkManager/nm-dhcp-client.action" pid=706 comm="apparmor_parser"
Nov 16 09:25:14 ICEMAN kernel: audit: type=1400 audit(1510795514.791:8): apparmor="STATUS" operation="profile_load" profile="unconfined" name="/usr/lib/NetworkManager/nm-dhcp-helper" pid=706 comm="apparmor_parser"
Nov 16 09:25:14 ICEMAN kernel: audit: type=1400 audit(1510795514.791:9): apparmor="STATUS" operation="profile_load" profile="unconfined" name="/usr/lib/connman/scripts/dhclient-script" pid=706 comm="apparmor_parser"
Nov 16 09:25:14 ICEMAN kernel: audit: type=1400 audit(1510795514.793:10): apparmor="STATUS" operation="profile_load" profile="unconfined" name="libreoffice-xpdfimport" pid=714 comm="apparmor_parser"
Nov 16 09:25:14 ICEMAN audit[715]: AVC apparmor="STATUS" operation="profile_load" profile="unconfined" name="/usr/lib/snapd/snap-confine" pid=715 comm="apparmor_parser"
Nov 16 09:25:14 ICEMAN audit[715]: AVC apparmor="STATUS" operation="profile_load" profile="unconfined" name="/usr/lib/snapd/snap-confine//mount-namespace-capture-helper" pid=715 comm="apparmor_parser"
Nov 16 09:25:14 ICEMAN kernel: audit: type=1400 audit(1510795514.797:11): apparmor="STATUS" operation="profile_load" profile="unconfined" name="/usr/lib/snapd/snap-confine" pid=715 comm="apparmor_parser"
Nov 16 09:25:14 ICEMAN audit[713]: AVC apparmor="STATUS" operation="profile_load" profile="unconfined" name="libreoffice-soffice" pid=713 comm="apparmor_parser"
Nov 16 09:25:14 ICEMAN audit[717]: AVC apparmor="STATUS" operation="profile_load" profile="unconfined" name="/usr/sbin/cups-browsed" pid=717 comm="apparmor_parser"
Nov 16 09:25:14 ICEMAN audit[709]: AVC apparmor="STATUS" operation="profile_load" profile="unconfined" name="/usr/bin/evince" pid=709 comm="apparmor_parser"
Nov 16 09:25:14 ICEMAN audit[709]: AVC apparmor="STATUS" operation="profile_load" profile="unconfined" name="/usr/bin/evince//sanitized_helper" pid=709 comm="apparmor_parser"
Nov 16 09:25:14 ICEMAN audit[709]: AVC apparmor="STATUS" operation="profile_load" profile="unconfined" name="/usr/bin/evince-previewer" pid=709 comm="apparmor_parser"
Nov 16 09:25:14 ICEMAN audit[709]: AVC apparmor="STATUS" operation="profile_load" profile="unconfined" name="/usr/bin/evince-previewer//sanitized_helper" pid=709 comm="apparmor_parser"
Nov 16 09:25:14 ICEMAN audit[709]: AVC apparmor="STATUS" operation="profile_load" profile="unconfined" name="/usr/bin/evince-thumbnailer" pid=709 comm="apparmor_parser"
Nov 16 09:25:14 ICEMAN audit[709]: AVC apparmor="STATUS" operation="profile_load" profile="unconfined" name="/usr/bin/evince-thumbnailer//sanitized_helper" pid=709 comm="apparmor_parser"
Nov 16 09:25:14 ICEMAN audit[716]: AVC apparmor="STATUS" operation="profile_load" profile="unconfined" name="/usr/lib/telepathy/mission-control-5" pid=716 comm="apparmor_parser"
Nov 16 09:25:14 ICEMAN audit[716]: AVC apparmor="STATUS" operation="profile_load" profile="unconfined" name="/usr/lib/telepathy/telepathy-*" pid=716 comm="apparmor_parser"
Nov 16 09:25:14 ICEMAN audit[716]: AVC apparmor="STATUS" operation="profile_load" profile="unconfined" name="/usr/lib/telepathy/telepathy-*//pxgsettings" pid=716 comm="apparmor_parser"
Nov 16 09:25:14 ICEMAN audit[716]: AVC apparmor="STATUS" operation="profile_load" profile="unconfined" name="/usr/lib/telepathy/telepathy-*//sanitized_helper" pid=716 comm="apparmor_parser"
Nov 16 09:25:14 ICEMAN audit[716]: AVC apparmor="STATUS" operation="profile_load" profile="unconfined" name="/usr/lib/telepathy/telepathy-ofono" pid=716 comm="apparmor_parser"
Nov 16 09:25:14 ICEMAN apparmor[620]: Skipping profile in /etc/apparmor.d/disable: usr.sbin.rsyslogd
Nov 16 09:25:14 ICEMAN audit[719]: AVC apparmor="STATUS" operation="profile_load" profile="unconfined" name="/usr/sbin/ippusbxd" pid=719 comm="apparmor_parser"
Nov 16 09:25:14 ICEMAN audit[718]: AVC apparmor="STATUS" operation="profile_load" profile="unconfined" name="/usr/lib/cups/backend/cups-pdf" pid=718 comm="apparmor_parser"
Nov 16 09:25:14 ICEMAN audit[718]: AVC apparmor="STATUS" operation="profile_load" profile="unconfined" name="/usr/sbin/cupsd" pid=718 comm="apparmor_parser"
Nov 16 09:25:14 ICEMAN audit[718]: AVC apparmor="STATUS" operation="profile_load" profile="unconfined" name="/usr/sbin/cupsd//third_party" pid=718 comm="apparmor_parser"
Nov 16 09:25:14 ICEMAN audit[721]: AVC apparmor="STATUS" operation="profile_load" profile="unconfined" name="/usr/sbin/tcpdump" pid=721 comm="apparmor_parser"
Nov 16 09:25:14 ICEMAN audit[708]: AVC apparmor="STATUS" operation="profile_load" profile="unconfined" name="/snap/core/3440/usr/lib/snapd/snap-confine" pid=708 comm="apparmor_parser"
Nov 16 09:25:14 ICEMAN audit[708]: AVC apparmor="STATUS" operation="profile_load" profile="unconfined" name="/snap/core/3440/usr/lib/snapd/snap-confine//mount-namespace-capture-helper" pid=708 comm="apparmor_parser"
Nov 16 09:25:14 ICEMAN audit[708]: AVC apparmor="STATUS" operation="profile_load" profile="unconfined" name="/snap/core/3440/usr/lib/snapd/snap-confine//snap_update_ns" pid=708 comm="apparmor_parser"
Nov 16 09:25:14 ICEMAN systemd[1]: Started Create Volatile Files and Directories.
Nov 16 09:25:15 ICEMAN console-setup.sh[616]: /bin/setupcon: 903: /bin/setupcon: cannot open /tmp/tmpkbd.vzq7O4: No such file
Nov 16 09:25:15 ICEMAN systemd[1]: Starting Network Time Synchronization...
Nov 16 09:25:15 ICEMAN systemd[1]: Starting Update UTMP about System Boot/Shutdown...
Nov 16 09:25:15 ICEMAN systemd[1]: Starting RPC bind portmap service...
Nov 16 09:25:15 ICEMAN systemd[1]: console-setup.service: Main process exited, code=exited, status=1/FAILURE
Nov 16 09:25:15 ICEMAN systemd[1]: Failed to start Set console font and keymap.
Nov 16 09:25:15 ICEMAN systemd[1]: console-setup.service: Unit entered failed state.
Nov 16 09:25:15 ICEMAN systemd[1]: console-setup.service: Failed with result 'exit-code'.
Nov 16 09:25:15 ICEMAN systemd[1]: Started RPC bind portmap service.
Nov 16 09:25:15 ICEMAN systemd[1]: Reached target RPC Port Mapper.
Nov 16 09:25:15 ICEMAN audit[738]: AVC apparmor="STATUS" operation="profile_load" profile="unconfined" name="snap.atom.apm" pid=738 comm="apparmor_parser"
Nov 16 09:25:15 ICEMAN audit[739]: AVC apparmor="STATUS" operation="profile_load" profile="unconfined" name="snap.atom.atom" pid=739 comm="apparmor_parser"
Nov 16 09:25:15 ICEMAN audit[740]: AVC apparmor="STATUS" operation="profile_load" profile="unconfined" name="snap.core.hook.configure" pid=740 comm="apparmor_parser"
Nov 16 09:25:15 ICEMAN apparmor[620]:    ...done.
Nov 16 09:25:15 ICEMAN systemd[1]: Started AppArmor initialization.
Nov 16 09:25:15 ICEMAN systemd[1]: Starting Raise network interfaces...
Nov 16 09:25:15 ICEMAN systemd[1]: Started Update UTMP about System Boot/Shutdown.
Nov 16 09:25:15 ICEMAN systemd[1]: Started Raise network interfaces.
Nov 16 09:25:15 ICEMAN systemd[1]: Started Network Time Synchronization.
Nov 16 09:25:15 ICEMAN systemd[1]: Reached target System Initialization.
Nov 16 09:25:15 ICEMAN systemd[1]: Listening on Avahi mDNS/DNS-SD Stack Activation Socket.
Nov 16 09:25:15 ICEMAN systemd[1]: Started systemd-resolved-update-resolvconf.path.
Nov 16 09:25:15 ICEMAN systemd[1]: Started Message of the Day.
Nov 16 09:25:15 ICEMAN systemd[1]: Listening on ACPID Listen Socket.
Nov 16 09:25:15 ICEMAN systemd[1]: Started CUPS Scheduler.
Nov 16 09:25:15 ICEMAN systemd[1]: Started Daily Cleanup of Temporary Directories.
Nov 16 09:25:15 ICEMAN systemd[1]: Listening on CUPS Scheduler.
Nov 16 09:25:15 ICEMAN systemd[1]: Listening on D-Bus System Message Bus Socket.
Nov 16 09:25:15 ICEMAN systemd[1]: Started ACPI Events Check.
Nov 16 09:25:15 ICEMAN systemd[1]: Reached target Paths.
Nov 16 09:25:15 ICEMAN systemd[1]: Starting Socket activation for snappy daemon.
Nov 16 09:25:15 ICEMAN systemd[1]: Listening on UUID daemon activation socket.
Nov 16 09:25:15 ICEMAN systemd[1]: Reached target System Time Synchronized.
Nov 16 09:25:15 ICEMAN systemd[1]: Started Daily apt download activities.
Nov 16 09:25:15 ICEMAN systemd[1]: Started Timer to automatically refresh installed snaps.
Nov 16 09:25:15 ICEMAN systemd[1]: Started Trigger anacron every hour.
Nov 16 09:25:15 ICEMAN systemd[1]: Started Daily apt upgrade and clean activities.
Nov 16 09:25:15 ICEMAN systemd[1]: Reached target Timers.
Nov 16 09:25:15 ICEMAN systemd[1]: Listening on Socket activation for snappy daemon.
Nov 16 09:25:15 ICEMAN systemd[1]: Reached target Sockets.
Nov 16 09:25:15 ICEMAN systemd[1]: Reached target Basic System.
Nov 16 09:25:15 ICEMAN systemd[1]: Starting Thermal Daemon Service...
Nov 16 09:25:15 ICEMAN systemd[1]: Started ACPI event daemon.
Nov 16 09:25:15 ICEMAN systemd[1]: Starting Disk Manager...
Nov 16 09:25:15 ICEMAN systemd[1]: Starting Login Service...
Nov 16 09:25:15 ICEMAN systemd[1]: Started Run anacron jobs.
Nov 16 09:25:15 ICEMAN systemd[1]: Started irqbalance daemon.
Nov 16 09:25:15 ICEMAN systemd[1]: Starting Detect the available GPUs and deal with any system changes...
Nov 16 09:25:15 ICEMAN systemd[1]: Starting Restore /etc/resolv.conf if the system crashed before the ppp link was shut down...
Nov 16 09:25:15 ICEMAN systemd[1]: Started D-Bus System Message Bus.
Nov 16 09:25:15 ICEMAN anacron[788]: Anacron 2.3 started on 2017-11-16
Nov 16 09:25:15 ICEMAN gpu-manager[790]: /etc/modprobe.d is not a file
Nov 16 09:25:15 ICEMAN gpu-manager[790]: /etc/modprobe.d is not a file
Nov 16 09:25:15 ICEMAN gpu-manager[790]: /etc/modprobe.d is not a file
Nov 16 09:25:15 ICEMAN gpu-manager[790]: /etc/modprobe.d is not a file
Nov 16 09:25:15 ICEMAN udisksd[786]: udisks daemon version 2.6.5 starting
Nov 16 09:25:15 ICEMAN anacron[788]: Normal exit (0 jobs run)
Nov 16 09:25:15 ICEMAN gpu-manager[790]: /etc/modprobe.d is not a file
Nov 16 09:25:15 ICEMAN dbus-daemon[792]: Unknown group "power" in message bus configuration file
Nov 16 09:25:15 ICEMAN dbus[792]: [system] AppArmor D-Bus mediation is enabled
Nov 16 09:25:15 ICEMAN dbus[792]: [system] Successfully activated service 'org.freedesktop.systemd1'
Nov 16 09:25:15 ICEMAN systemd[1]: Started Thermal Daemon Service.
Nov 16 09:25:15 ICEMAN dbus[792]: [system] Activating via systemd: service name='org.freedesktop.PolicyKit1' unit='polkit.service'
Nov 16 09:25:15 ICEMAN systemd[1]: Started CUPS Scheduler.
Nov 16 09:25:15 ICEMAN thermald[784]: 13 CPUID levels; family:model:stepping 0x6:3a:9 (6:58:9)
Nov 16 09:25:15 ICEMAN thermald[784]: Polling mode is enabled: 4
Nov 16 09:25:15 ICEMAN systemd[1]: Starting Snappy daemon...
Nov 16 09:25:15 ICEMAN systemd[1]: Starting Modem Manager...
